Component: ARM Compiler 5.06 update 1 (build 61) Tool: armlink [4d35a8]

==============================================================================

Section Cross References

    startup_stm32f40xx.o(RESET) refers to startup_stm32f40xx.o(STACK) for __initial_sp
    startup_stm32f40xx.o(RESET) refers to startup_stm32f40xx.o(.text) for Reset_Handler
    startup_stm32f40xx.o(RESET) refers to stm32f4xx_it.o(i.NMI_Handler) for NMI_Handler
    startup_stm32f40xx.o(RESET) refers to stm32f4xx_it.o(i.HardFault_Handler) for HardFault_Handler
    startup_stm32f40xx.o(RESET) refers to stm32f4xx_it.o(i.MemManage_Handler) for MemManage_Handler
    startup_stm32f40xx.o(RESET) refers to stm32f4xx_it.o(i.BusFault_Handler) for BusFault_Handler
    startup_stm32f40xx.o(RESET) refers to stm32f4xx_it.o(i.UsageFault_Handler) for UsageFault_Handler
    startup_stm32f40xx.o(RESET) refers to stm32f4xx_it.o(i.SVC_Handler) for SVC_Handler
    startup_stm32f40xx.o(RESET) refers to stm32f4xx_it.o(i.DebugMon_Handler) for DebugMon_Handler
    startup_stm32f40xx.o(RESET) refers to stm32f4xx_it.o(i.PendSV_Handler) for PendSV_Handler
    startup_stm32f40xx.o(RESET) refers to stm32f4xx_it.o(i.SysTick_Handler) for SysTick_Handler
    startup_stm32f40xx.o(RESET) refers to usart3_dma.o(i.DMA1_Stream3_IRQHandler) for DMA1_Stream3_IRQHandler
    startup_stm32f40xx.o(RESET) refers to usart2_dma.o(i.DMA1_Stream6_IRQHandler) for DMA1_Stream6_IRQHandler
    startup_stm32f40xx.o(RESET) refers to usart1_dma.o(i.USART1_IRQHandler) for USART1_IRQHandler
    startup_stm32f40xx.o(RESET) refers to usart2_dma.o(i.USART2_IRQHandler) for USART2_IRQHandler
    startup_stm32f40xx.o(RESET) refers to usart3_dma.o(i.USART3_IRQHandler) for USART3_IRQHandler
    startup_stm32f40xx.o(RESET) refers to bsp_basic_tim.o(i.TIM7_IRQHandler) for TIM7_IRQHandler
    startup_stm32f40xx.o(RESET) refers to usart1_dma.o(i.DMA2_Stream7_IRQHandler) for DMA2_Stream7_IRQHandler
    startup_stm32f40xx.o(.text) refers to system_stm32f4xx.o(i.SystemInit) for SystemInit
    startup_stm32f40xx.o(.text) refers to entry.o(.ARM.Collect$$$$00000000) for __main
    system_stm32f4xx.o(i.SystemCoreClockUpdate) refers to system_stm32f4xx.o(.data) for SystemCoreClock
    system_stm32f4xx.o(i.SystemInit) refers to system_stm32f4xx.o(i.SetSysClock) for SetSysClock
    stm32f4xx_adc.o(i.ADC_DeInit) refers to stm32f4xx_rcc.o(i.RCC_APB2PeriphResetCmd) for RCC_APB2PeriphResetCmd
    stm32f4xx_can.o(i.CAN_DeInit) refers to stm32f4xx_rcc.o(i.RCC_APB1PeriphResetCmd) for RCC_APB1PeriphResetCmd
    stm32f4xx_can.o(i.CAN_GetITStatus) refers to stm32f4xx_can.o(i.CheckITStatus) for CheckITStatus
    stm32f4xx_cryp.o(i.CRYP_DeInit) refers to stm32f4xx_rcc.o(i.RCC_AHB2PeriphResetCmd) for RCC_AHB2PeriphResetCmd
    stm32f4xx_cryp_aes.o(i.CRYP_AES_CBC) refers to stm32f4xx_cryp.o(i.CRYP_KeyStructInit) for CRYP_KeyStructInit
    stm32f4xx_cryp_aes.o(i.CRYP_AES_CBC) refers to stm32f4xx_cryp.o(i.CRYP_FIFOFlush) for CRYP_FIFOFlush
    stm32f4xx_cryp_aes.o(i.CRYP_AES_CBC) refers to stm32f4xx_cryp.o(i.CRYP_Init) for CRYP_Init
    stm32f4xx_cryp_aes.o(i.CRYP_AES_CBC) refers to stm32f4xx_cryp.o(i.CRYP_KeyInit) for CRYP_KeyInit
    stm32f4xx_cryp_aes.o(i.CRYP_AES_CBC) refers to stm32f4xx_cryp.o(i.CRYP_Cmd) for CRYP_Cmd
    stm32f4xx_cryp_aes.o(i.CRYP_AES_CBC) refers to stm32f4xx_cryp.o(i.CRYP_GetFlagStatus) for CRYP_GetFlagStatus
    stm32f4xx_cryp_aes.o(i.CRYP_AES_CBC) refers to stm32f4xx_cryp.o(i.CRYP_IVInit) for CRYP_IVInit
    stm32f4xx_cryp_aes.o(i.CRYP_AES_CBC) refers to stm32f4xx_cryp.o(i.CRYP_GetCmdStatus) for CRYP_GetCmdStatus
    stm32f4xx_cryp_aes.o(i.CRYP_AES_CBC) refers to stm32f4xx_cryp.o(i.CRYP_DataIn) for CRYP_DataIn
    stm32f4xx_cryp_aes.o(i.CRYP_AES_CBC) refers to stm32f4xx_cryp.o(i.CRYP_DataOut) for CRYP_DataOut
    stm32f4xx_cryp_aes.o(i.CRYP_AES_CCM) refers to stm32f4xx_cryp.o(i.CRYP_KeyStructInit) for CRYP_KeyStructInit
    stm32f4xx_cryp_aes.o(i.CRYP_AES_CCM) refers to stm32f4xx_cryp.o(i.CRYP_FIFOFlush) for CRYP_FIFOFlush
    stm32f4xx_cryp_aes.o(i.CRYP_AES_CCM) refers to stm32f4xx_cryp.o(i.CRYP_KeyInit) for CRYP_KeyInit
    stm32f4xx_cryp_aes.o(i.CRYP_AES_CCM) refers to stm32f4xx_cryp.o(i.CRYP_IVInit) for CRYP_IVInit
    stm32f4xx_cryp_aes.o(i.CRYP_AES_CCM) refers to stm32f4xx_cryp.o(i.CRYP_Init) for CRYP_Init
    stm32f4xx_cryp_aes.o(i.CRYP_AES_CCM) refers to stm32f4xx_cryp.o(i.CRYP_PhaseConfig) for CRYP_PhaseConfig
    stm32f4xx_cryp_aes.o(i.CRYP_AES_CCM) refers to stm32f4xx_cryp.o(i.CRYP_DataIn) for CRYP_DataIn
    stm32f4xx_cryp_aes.o(i.CRYP_AES_CCM) refers to stm32f4xx_cryp.o(i.CRYP_Cmd) for CRYP_Cmd
    stm32f4xx_cryp_aes.o(i.CRYP_AES_CCM) refers to stm32f4xx_cryp.o(i.CRYP_GetCmdStatus) for CRYP_GetCmdStatus
    stm32f4xx_cryp_aes.o(i.CRYP_AES_CCM) refers to stm32f4xx_cryp.o(i.CRYP_GetFlagStatus) for CRYP_GetFlagStatus
    stm32f4xx_cryp_aes.o(i.CRYP_AES_CCM) refers to stm32f4xx_cryp.o(i.CRYP_DataOut) for CRYP_DataOut
[...]
    ../clib/microlib/init/entry.s            0x00000000   Number         0  entry9b.o ABSOLUTE
    ../clib/microlib/init/entry.s            0x00000000   Number         0  entry5.o ABSOLUTE
    ../clib/microlib/init/entry.s            0x00000000   Number         0  entry10a.o ABSOLUTE
    ../clib/microlib/init/entry.s            0x00000000   Number         0  entry10b.o ABSOLUTE
    ../clib/microlib/init/entry.s            0x00000000   Number         0  entry11a.o ABSOLUTE
    ../clib/microlib/init/entry.s            0x00000000   Number         0  entry.o ABSOLUTE
    ../clib/microlib/init/entry.s            0x00000000   Number         0  entry11b.o ABSOLUTE
    ../clib/microlib/init/entry.s            0x00000000   Number         0  entry9a.o ABSOLUTE
    ../clib/microlib/init/entry.s            0x00000000   Number         0  entry2.o ABSOLUTE
    ../clib/microlib/init/entry.s            0x00000000   Number         0  entry8b.o ABSOLUTE
    ../clib/microlib/init/entry.s            0x00000000   Number         0  entry8a.o ABSOLUTE
    ../clib/microlib/init/entry.s            0x00000000   Number         0  entry7b.o ABSOLUTE
    ../clib/microlib/init/entry.s            0x00000000   Number         0  entry7a.o ABSOLUTE
    ../clib/microlib/longlong.c              0x00000000   Number         0  llushr.o ABSOLUTE
    ../clib/microlib/longlong.c              0x00000000   Number         0  llsshr.o ABSOLUTE
    ../clib/microlib/longlong.c              0x00000000   Number         0  llshl.o ABSOLUTE
    ../clib/microlib/stubs.s                 0x00000000   Number         0  iusefp.o ABSOLUTE
    ../fplib/microlib/d2f.c                  0x00000000   Number         0  d2f.o ABSOLUTE
    ../fplib/microlib/f2d.c                  0x00000000   Number         0  f2d.o ABSOLUTE
    ../fplib/microlib/fpadd.c                0x00000000   Number         0  dadd.o ABSOLUTE
    ../fplib/microlib/fpdiv.c                0x00000000   Number         0  ddiv.o ABSOLUTE
    ../fplib/microlib/fpepilogue.c           0x00000000   Number         0  fepilogue.o ABSOLUTE
    ../fplib/microlib/fpepilogue.c           0x00000000   Number         0  depilogue.o ABSOLUTE
    ../fplib/microlib/fpfix.c                0x00000000   Number         0  dfixi.o ABSOLUTE
    ../fplib/microlib/fpflt.c                0x00000000   Number         0  dfltui.o ABSOLUTE
    ../fplib/microlib/fpflt.c                0x00000000   Number         0  dflti.o ABSOLUTE
    ../fplib/microlib/fpmul.c                0x00000000   Number         0  dmul.o ABSOLUTE
    ../fplib/microlib/fpneg.c                0x00000000   Number         0  dneg.o ABSOLUTE
    ../fplib/microlib/fpsqrt.c               0x00000000   Number         0  dsqrt.o ABSOLUTE
    ../mathlib/asin.c                        0x00000000   Number         0  asin.o ABSOLUTE
    ../mathlib/asin.c                        0x00000000   Number         0  asin_x.o ABSOLUTE
    ../mathlib/atan.c                        0x00000000   Number         0  atan_x.o ABSOLUTE
    ../mathlib/atan.c                        0x00000000   Number         0  atan.o ABSOLUTE
    ../mathlib/atan2.c                       0x00000000   Number         0  atan2.o ABSOLUTE
    ../mathlib/atan2.c                       0x00000000   Number         0  atan2_x.o ABSOLUTE
    ../mathlib/cos.c                         0x00000000   Number         0  cos.o ABSOLUTE
    ../mathlib/cos.c                         0x00000000   Number         0  cos_x.o ABSOLUTE
    ../mathlib/cos_i.c                       0x00000000   Number         0  cos_i.o ABSOLUTE
    ../mathlib/dunder.c                      0x00000000   Number         0  dunder.o ABSOLUTE
    ../mathlib/fabs.c                        0x00000000   Number         0  fabs.o ABSOLUTE
    ../mathlib/fpclassify.c                  0x00000000   Number         0  fpclassify.o ABSOLUTE
    ../mathlib/poly.c                        0x00000000   Number         0  poly.o ABSOLUTE
    ../mathlib/qnan.c                        0x00000000   Number         0  qnan.o ABSOLUTE
    ../mathlib/rred.c                        0x00000000   Number         0  rred.o ABSOLUTE
    ../mathlib/sin.c                         0x00000000   Number         0  sin.o ABSOLUTE
    ../mathlib/sin.c                         0x00000000   Number         0  sin_x.o ABSOLUTE
    ../mathlib/sin_i.c                       0x00000000   Number         0  sin_i_x.o ABSOLUTE
    ../mathlib/sin_i.c                       0x00000000   Number         0  sin_i.o ABSOLUTE
    ../mathlib/sqrt.c                        0x00000000   Number         0  sqrt.o ABSOLUTE
    ../mathlib/sqrt.c                        0x00000000   Number         0  sqrt_x.o ABSOLUTE
    ..\..\Libraries\CMSIS\Device\ST\STM32F4xx\Source\Templates\arm\startup_stm32f40xx.s 0x00000000   Number         0  startup_stm32f40xx.o ABSOLUTE
    ..\..\Libraries\CMSIS\Device\ST\STM32F4xx\Source\Templates\system_stm32f4xx.c 0x00000000   Number         0  system_stm32f4xx.o ABSOLUTE
    ..\..\Libraries\STM32F4xx_StdPeriph_Driver\src\misc.c 0x00000000   Number         0  misc.o ABSOLUTE
    ..\..\Libraries\STM32F4xx_StdPeriph_Driver\src\stm32f4xx_adc.c 0x00000000   Number         0  stm32f4xx_adc.o ABSOLUTE
    ..\..\Libraries\STM32F4xx_StdPeriph_Driver\src\stm32f4xx_can.c 0x00000000   Number         0  stm32f4xx_can.o ABSOLUTE
    ..\..\Libraries\STM32F4xx_StdPeriph_Driver\src\stm32f4xx_cec.c 0x00000000   Number         0  stm32f4xx_cec.o ABSOLUTE
    ..\..\Libraries\STM32F4xx_StdPeriph_Driver\src\stm32f4xx_crc.c 0x00000000   Number         0  stm32f4xx_crc.o ABSOLUTE
    ..\..\Libraries\STM32F4xx_StdPeriph_Driver\src\stm32f4xx_cryp.c 0x00000000   Number         0  stm32f4xx_cryp.o ABSOLUTE
    ..\..\Libraries\STM32F4xx_StdPeriph_Driver\src\stm32f4xx_cryp_aes.c 0x00000000   Number         0  stm32f4xx_cryp_aes.o ABSOLUTE
    ..\..\Libraries\STM32F4xx_StdPeriph_Driver\src\stm32f4xx_cryp_des.c 0x00000000   Number         0  stm32f4xx_cryp_des.o ABSOLUTE
    ..\..\Libraries\STM32F4xx_StdPeriph_Driver\src\stm32f4xx_cryp_tdes.c 0x00000000   Number         0  stm32f4xx_cryp_tdes.o ABSOLUTE
    ..\..\Libraries\STM32F4xx_StdPeriph_Driver\src\stm32f4xx_dac.c 0x00000000   Number         0  stm32f4xx_dac.o ABSOLUTE
    ..\..\Libraries\STM32F4xx_StdPeriph_Driver\src\stm32f4xx_dbgmcu.c 0x00000000   Number         0  stm32f4xx_dbgmcu.o ABSOLUTE
    ..\..\Libraries\STM32F4xx_StdPeriph_Driver\src\stm32f4xx_dcmi.c 0x00000000   Number         0  stm32f4xx_dcmi.o ABSOLUTE
    ..\..\Libraries\STM32F4xx_StdPeriph_Driver\src\stm32f4xx_dma.c 0x00000000   Number         0  stm32f4xx_dma.o ABSOLUTE
    ..\..\Libraries\STM32F4xx_StdPeriph_Driver\src\stm32f4xx_exti.c 0x00000000   Number         0  stm32f4xx_exti.o ABSOLUTE
    ..\..\Libraries\STM32F4xx_StdPeriph_Driver\src\stm32f4xx_flash.c 0x00000000   Number         0  stm32f4xx_flash.o ABSOLUTE
    ..\..\Libraries\STM32F4xx_StdPeriph_Driver\src\stm32f4xx_flash_ramfunc.c 0x00000000   Number         0  stm32f4xx_flash_ramfunc.o ABSOLUTE
    ..\..\Libraries\STM32F4xx_StdPeriph_Driver\src\stm32f4xx_fmpi2c.c 0x00000000   Number         0  stm32f4xx_fmpi2c.o ABSOLUTE
    ..\..\Libraries\STM32F4xx_StdPeriph_Driver\src\stm32f4xx_gpio.c 0x00000000   Number         0  stm32f4xx_gpio.o ABSOLUTE
    ..\..\Libraries\STM32F4xx_StdPeriph_Driver\src\stm32f4xx_hash.c 0x00000000   Number         0  stm32f4xx_hash.o ABSOLUTE
    ..\..\Libraries\STM32F4xx_StdPeriph_Driver\src\stm32f4xx_hash_md5.c 0x00000000   Number         0  stm32f4xx_hash_md5.o ABSOLUTE
    ..\..\Libraries\STM32F4xx_StdPeriph_Driver\src\stm32f4xx_hash_sha1.c 0x00000000   Number         0  stm32f4xx_hash_sha1.o ABSOLUTE
    ..\..\Libraries\STM32F4xx_StdPeriph_Driver\src\stm32f4xx_i2c.c 0x00000000   Number         0  stm32f4xx_i2c.o ABSOLUTE
    ..\..\Libraries\STM32F4xx_StdPeriph_Driver\src\stm32f4xx_iwdg.c 0x00000000   Number         0  stm32f4xx_iwdg.o ABSOLUTE
    ..\..\Libraries\STM32F4xx_StdPeriph_Driver\src\stm32f4xx_pwr.c 0x00000000   Number         0  stm32f4xx_pwr.o ABSOLUTE
    ..\..\Libraries\STM32F4xx_StdPeriph_Driver\src\stm32f4xx_qspi.c 0x00000000   Number         0  stm32f4xx_qspi.o ABSOLUTE
    ..\..\Libraries\STM32F4xx_StdPeriph_Driver\src\stm32f4xx_rcc.c 0x00000000   Number         0  stm32f4xx_rcc.o ABSOLUTE
    ..\..\Libraries\STM32F4xx_StdPeriph_Driver\src\stm32f4xx_rng.c 0x00000000   Number         0  stm32f4xx_rng.o ABSOLUTE
    ..\..\Libraries\STM32F4xx_StdPeriph_Driver\src\stm32f4xx_rtc.c 0x00000000   Number         0  stm32f4xx_rtc.o ABSOLUTE
    ..\..\Libraries\STM32F4xx_StdPeriph_Driver\src\stm32f4xx_sai.c 0x00000000   Number         0  stm32f4xx_sai.o ABSOLUTE
    ..\..\Libraries\STM32F4xx_StdPeriph_Driver\src\stm32f4xx_sdio.c 0x00000000   Number         0  stm32f4xx_sdio.o ABSOLUTE
    ..\..\Libraries\STM32F4xx_StdPeriph_Driver\src\stm32f4xx_spdifrx.c 0x00000000   Number         0  stm32f4xx_spdifrx.o ABSOLUTE
    ..\..\Libraries\STM32F4xx_StdPeriph_Driver\src\stm32f4xx_spi.c 0x00000000   Number         0  stm32f4xx_spi.o ABSOLUTE
    ..\..\Libraries\STM32F4xx_StdPeriph_Driver\src\stm32f4xx_syscfg.c 0x00000000   Number         0  stm32f4xx_syscfg.o ABSOLUTE
    ..\..\Libraries\STM32F4xx_StdPeriph_Driver\src\stm32f4xx_tim.c 0x00000000   Number         0  stm32f4xx_tim.o ABSOLUTE
    ..\..\Libraries\STM32F4xx_StdPeriph_Driver\src\stm32f4xx_usart.c 0x00000000   Number         0  stm32f4xx_usart.o ABSOLUTE
    ..\..\Libraries\STM32F4xx_StdPeriph_Driver\src\stm32f4xx_wwdg.c 0x00000000   Number         0  stm32f4xx_wwdg.o ABSOLUTE
    ..\..\User\Beep\beep.c                   0x00000000   Number         0  beep.o ABSOLUTE
    ..\..\User\Control\Control.c             0x00000000   Number         0  control.o ABSOLUTE
    ..\..\User\Data_type\Data_type.c         0x00000000   Number         0  data_type.o ABSOLUTE
    ..\..\User\I2C\I2C.c                     0x00000000   Number         0  i2c.o ABSOLUTE
    ..\..\User\IMU\IMU.c                     0x00000000   Number         0  imu.o ABSOLUTE
    ..\..\User\MPU6050\mpu6050.c             0x00000000   Number         0  mpu6050.o ABSOLUTE
    ..\..\User\Mymath\Mymath.c               0x00000000   Number         0  mymath.o ABSOLUTE
    ..\..\User\USART1_DMA\usart1_dma.c       0x00000000   Number         0  usart1_dma.o ABSOLUTE
    ..\..\User\USART2_DMA\usart2_dma.c       0x00000000   Number         0  usart2_dma.o ABSOLUTE
    ..\..\User\USART3_DMA\usart3_dma.c       0x00000000   Number         0  usart3_dma.o ABSOLUTE
    ..\..\User\basic_tim\bsp_basic_tim.c     0x00000000   Number         0  bsp_basic_tim.o ABSOLUTE
    ..\..\User\led\bsp_led.c                 0x00000000   Number         0  bsp_led.o ABSOLUTE
    ..\..\User\main.c                        0x00000000   Number         0  main.o ABSOLUTE
    ..\..\User\motor\motor.c                 0x00000000   Number         0  motor.o ABSOLUTE
    ..\..\User\pid\pid.c                     0x00000000   Number         0  pid.o ABSOLUTE
    ..\..\User\spi\bsp_spi.c                 0x00000000   Number         0  bsp_spi.o ABSOLUTE
    ..\..\User\steer\steer.c                 0x00000000   Number         0  steer.o ABSOLUTE
    ..\..\User\stm32f4xx_it.c                0x00000000   Number         0  stm32f4xx_it.o ABSOLUTE
    ..\..\User\sys\sys.c                     0x00000000   Number         0  sys.o ABSOLUTE
    ..\..\User\systick\bsp_SysTick.c         0x00000000   Number         0  bsp_systick.o ABSOLUTE
    ..\\..\\Libraries\\CMSIS\\Device\\ST\\STM32F4xx\\Source\\Templates\\system_stm32f4xx.c 0x00000000   Number         0  system_stm32f4xx.o ABSOLUTE
    ..\\..\\Libraries\\STM32F4xx_StdPeriph_Driver\\src\\misc.c 0x00000000   Number         0  misc.o ABSOLUTE
    ..\\..\\Libraries\\STM32F4xx_StdPeriph_Driver\\src\\stm32f4xx_adc.c 0x00000000   Number         0  stm32f4xx_adc.o ABSOLUTE
    ..\\..\\Libraries\\STM32F4xx_StdPeriph_Driver\\src\\stm32f4xx_can.c 0x00000000   Number         0  stm32f4xx_can.o ABSOLUTE
    ..\\..\\Libraries\\STM32F4xx_StdPeriph_Driver\\src\\stm32f4xx_cec.c 0x00000000   Number         0  stm32f4xx_cec.o ABSOLUTE
    ..\\..\\Libraries\\STM32F4xx_StdPeriph_Driver\\src\\stm32f4xx_crc.c 0x00000000   Number         0  stm32f4xx_crc.o ABSOLUTE
    ..\\..\\Libraries\\STM32F4xx_StdPeriph_Driver\\src\\stm32f4xx_cryp.c 0x00000000   Number         0  stm32f4xx_cryp.o ABSOLUTE
    ..\\..\\Libraries\\STM32F4xx_StdPeriph_Driver\\src\\stm32f4xx_cryp_aes.c 0x00000000   Number         0  stm32f4xx_cryp_aes.o ABSOLUTE
    ..\\..\\Libraries\\STM32F4xx_StdPeriph_Driver\\src\\stm32f4xx_cryp_des.c 0x00000000   Number         0  stm32f4xx_cryp_des.o ABSOLUTE
    ..\\..\\Libraries\\STM32F4xx_StdPeriph_Driver\\src\\stm32f4xx_cryp_tdes.c 0x00000000   Number         0  stm32f4xx_cryp_tdes.o ABSOLUTE
    ..\\..\\Libraries\\STM32F4xx_StdPeriph_Driver\\src\\stm32f4xx_dac.c 0x00000000   Number         0  stm32f4xx_dac.o ABSOLUTE
    ..\\..\\Libraries\\STM32F4xx_StdPeriph_Driver\\src\\stm32f4xx_dbgmcu.c 0x00000000   Number         0  stm32f4xx_dbgmcu.o ABSOLUTE
    ..\\..\\Libraries\\STM32F4xx_StdPeriph_Driver\\src\\stm32f4xx_dcmi.c 0x00000000   Number         0  stm32f4xx_dcmi.o ABSOLUTE
    ..\\..\\Libraries\\STM32F4xx_StdPeriph_Driver\\src\\stm32f4xx_dma.c 0x00000000   Number         0  stm32f4xx_dma.o ABSOLUTE
    ..\\..\\Libraries\\STM32F4xx_StdPeriph_Driver\\src\\stm32f4xx_exti.c 0x00000000   Number         0  stm32f4xx_exti.o ABSOLUTE
    ..\\..\\Libraries\\STM32F4xx_StdPeriph_Driver\\src\\stm32f4xx_flash.c 0x00000000   Number         0  stm32f4xx_flash.o ABSOLUTE
    ..\\..\\Libraries\\STM32F4xx_StdPeriph_Driver\\src\\stm32f4xx_flash_ramfunc.c 0x00000000   Number         0  stm32f4xx_flash_ramfunc.o ABSOLUTE
    ..\\..\\Libraries\\STM32F4xx_StdPeriph_Driver\\src\\stm32f4xx_fmpi2c.c 0x00000000   Number         0  stm32f4xx_fmpi2c.o ABSOLUTE
    ..\\..\\Libraries\\STM32F4xx_StdPeriph_Driver\\src\\stm32f4xx_gpio.c 0x00000000   Number         0  stm32f4xx_gpio.o ABSOLUTE
    ..\\..\\Libraries\\STM32F4xx_StdPeriph_Driver\\src\\stm32f4xx_hash.c 0x00000000   Number         0  stm32f4xx_hash.o ABSOLUTE
    ..\\..\\Libraries\\STM32F4xx_StdPeriph_Driver\\src\\stm32f4xx_hash_md5.c 0x00000000   Number         0  stm32f4xx_hash_md5.o ABSOLUTE
    ..\\..\\Libraries\\STM32F4xx_StdPeriph_Driver\\src\\stm32f4xx_hash_sha1.c 0x00000000   Number         0  stm32f4xx_hash_sha1.o ABSOLUTE
    ..\\..\\Libraries\\STM32F4xx_StdPeriph_Driver\\src\\stm32f4xx_i2c.c 0x00000000   Number         0  stm32f4xx_i2c.o ABSOLUTE
    ..\\..\\Libraries\\STM32F4xx_StdPeriph_Driver\\src\\stm32f4xx_iwdg.c 0x00000000   Number         0  stm32f4xx_iwdg.o ABSOLUTE
    ..\\..\\Libraries\\STM32F4xx_StdPeriph_Driver\\src\\stm32f4xx_pwr.c 0x00000000   Number         0  stm32f4xx_pwr.o ABSOLUTE
    ..\\..\\Libraries\\STM32F4xx_StdPeriph_Driver\\src\\stm32f4xx_qspi.c 0x00000000   Number         0  stm32f4xx_qspi.o ABSOLUTE
    ..\\..\\Libraries\\STM32F4xx_StdPeriph_Driver\\src\\stm32f4xx_rcc.c 0x00000000   Number         0  stm32f4xx_rcc.o ABSOLUTE
    ..\\..\\Libraries\\STM32F4xx_StdPeriph_Driver\\src\\stm32f4xx_rng.c 0x00000000   Number         0  stm32f4xx_rng.o ABSOLUTE
    ..\\..\\Libraries\\STM32F4xx_StdPeriph_Driver\\src\\stm32f4xx_rtc.c 0x00000000   Number         0  stm32f4xx_rtc.o ABSOLUTE
    ..\\..\\Libraries\\STM32F4xx_StdPeriph_Driver\\src\\stm32f4xx_sai.c 0x00000000   Number         0  stm32f4xx_sai.o ABSOLUTE
    ..\\..\\Libraries\\STM32F4xx_StdPeriph_Driver\\src\\stm32f4xx_sdio.c 0x00000000   Number         0  stm32f4xx_sdio.o ABSOLUTE
    ..\\..\\Libraries\\STM32F4xx_StdPeriph_Driver\\src\\stm32f4xx_spdifrx.c 0x00000000   Number         0  stm32f4xx_spdifrx.o ABSOLUTE
    ..\\..\\Libraries\\STM32F4xx_StdPeriph_Driver\\src\\stm32f4xx_spi.c 0x00000000   Number         0  stm32f4xx_spi.o ABSOLUTE
    ..\\..\\Libraries\\STM32F4xx_StdPeriph_Driver\\src\\stm32f4xx_syscfg.c 0x00000000   Number         0  stm32f4xx_syscfg.o ABSOLUTE
    ..\\..\\Libraries\\STM32F4xx_StdPeriph_Driver\\src\\stm32f4xx_tim.c 0x00000000   Number         0  stm32f4xx_tim.o ABSOLUTE
    ..\\..\\Libraries\\STM32F4xx_StdPeriph_Driver\\src\\stm32f4xx_usart.c 0x00000000   Number         0  stm32f4xx_usart.o ABSOLUTE
    ..\\..\\Libraries\\STM32F4xx_StdPeriph_Driver\\src\\stm32f4xx_wwdg.c 0x00000000   Number         0  stm32f4xx_wwdg.o ABSOLUTE
    ..\\..\\User\\Beep\\beep.c               0x00000000   Number         0  beep.o ABSOLUTE
    ..\\..\\User\\Control\\Control.c         0x00000000   Number         0  control.o ABSOLUTE
    ..\\..\\User\\Data_type\\Data_type.c     0x00000000   Number         0  data_type.o ABSOLUTE
    ..\\..\\User\\I2C\\I2C.c                 0x00000000   Number         0  i2c.o ABSOLUTE
    ..\\..\\User\\IMU\\IMU.c                 0x00000000   Number         0  imu.o ABSOLUTE
    ..\\..\\User\\MPU6050\\mpu6050.c         0x00000000   Number         0  mpu6050.o ABSOLUTE
    ..\\..\\User\\Mymath\\Mymath.c           0x00000000   Number         0  mymath.o ABSOLUTE
    ..\\..\\User\\USART1_DMA\\usart1_dma.c   0x00000000   Number         0  usart1_dma.o ABSOLUTE
    ..\\..\\User\\USART2_DMA\\usart2_dma.c   0x00000000   Number         0  usart2_dma.o ABSOLUTE
    ..\\..\\User\\USART3_DMA\\usart3_dma.c   0x00000000   Number         0  usart3_dma.o ABSOLUTE
    ..\\..\\User\\basic_tim\\bsp_basic_tim.c 0x00000000   Number         0  bsp_basic_tim.o ABSOLUTE
    ..\\..\\User\\led\\bsp_led.c             0x00000000   Number         0  bsp_led.o ABSOLUTE
    ..\\..\\User\\main.c                     0x00000000   Number         0  main.o ABSOLUTE
    ..\\..\\User\\motor\\motor.c             0x00000000   Number         0  motor.o ABSOLUTE
    ..\\..\\User\\pid\\pid.c                 0x00000000   Number         0  pid.o ABSOLUTE
    ..\\..\\User\\spi\\bsp_spi.c             0x00000000   Number         0  bsp_spi.o ABSOLUTE
    ..\\..\\User\\steer\\steer.c             0x00000000   Number         0  steer.o ABSOLUTE
    ..\\..\\User\\stm32f4xx_it.c             0x00000000   Number         0  stm32f4xx_it.o ABSOLUTE
    ..\\..\\User\\sys\\sys.c                 0x00000000   Number         0  sys.o ABSOLUTE
    ..\\..\\User\\systick\\bsp_SysTick.c     0x00000000   Number         0  bsp_systick.o ABSOLUTE
    cdcmple.s                                0x00000000   Number         0  cdcmple.o ABSOLUTE
    dc.s                                     0x00000000   Number         0  dc.o ABSOLUTE
    handlers.s                               0x00000000   Number         0  handlers.o ABSOLUTE
    init.s                                   0x00000000   Number         0  init.o ABSOLUTE
    RESET                                    0x08000000   Section      392  startup_stm32f40xx.o(RESET)
    .ARM.Collect$$$$00000000                 0x08000188   Section        0  entry.o(.ARM.Collect$$$$00000000)
    .ARM.Collect$$$$00000001                 0x08000188   Section        4  entry2.o(.ARM.Collect$$$$00000001)
    .ARM.Collect$$$$00000004                 0x0800018c   Section        4  entry5.o(.ARM.Collect$$$$00000004)
    .ARM.Collect$$$$00000008                 0x08000190   Section        0  entry7b.o(.ARM.Collect$$$$00000008)
    .ARM.Collect$$$$0000000A                 0x08000190   Section        0  entry8b.o(.ARM.Collect$$$$0000000A)
    .ARM.Collect$$$$0000000B                 0x08000190   Section        8  entry9a.o(.ARM.Collect$$$$0000000B)
    .ARM.Collect$$$$0000000D                 0x08000198   Section        0  entry10a.o(.ARM.Collect$$$$0000000D)
    .ARM.Collect$$$$0000000F                 0x08000198   Section        0  entry11a.o(.ARM.Collect$$$$0000000F)
    .ARM.Collect$$$$00002712                 0x08000198   Section        4  entry2.o(.ARM.Collect$$$$00002712)
    __lit__00000000                          0x08000198   Data           4  entry2.o(.ARM.Collect$$$$00002712)
    .text                                    0x0800019c   Section       36  startup_stm32f40xx.o(.text)
    $v0                                      0x0800019c   Number         0  startup_stm32f40xx.o(.text)
    .text                                    0x080001c0   Section        0  dadd.o(.text)
    .text                                    0x0800030e   Section        0  dmul.o(.text)
    .text                                    0x080003f2   Section        0  ddiv.o(.text)
    .text                                    0x080004d0   Section        0  dflti.o(.text)
    .text                                    0x080004f2   Section        0  dfixi.o(.text)
    .text                                    0x08000530   Section        0  f2d.o(.text)
    .text                                    0x08000556   Section        0  d2f.o(.text)
    .text                                    0x0800058e   Section        0  llshl.o(.text)
    .text                                    0x080005ac   Section        0  llushr.o(.text)
    .text                                    0x080005cc   Section        0  llsshr.o(.text)
    .text                                    0x080005f0   Section        0  fepilogue.o(.text)
    .text                                    0x080005f0   Section        0  iusefp.o(.text)
    .text                                    0x0800065e   Section        0  depilogue.o(.text)
    .text                                    0x08000718   Section       36  init.o(.text)
    .text                                    0x0800073c   Section        0  dsqrt.o(.text)
    i.ACC_IIR_Filter                         0x080007e0   Section        0  mymath.o(i.ACC_IIR_Filter)
    i.BEEP_Init                              0x08000878   Section        0  beep.o(i.BEEP_Init)
    i.BusFault_Handler                       0x080008b0   Section        0  stm32f4xx_it.o(i.BusFault_Handler)
    i.DMA1_S1_Reset                          0x080008b4   Section        0  usart3_dma.o(i.DMA1_S1_Reset)
    i.DMA1_S5_Reset                          0x080008e0   Section        0  usart2_dma.o(i.DMA1_S5_Reset)
    i.DMA1_Stream3_IRQHandler                0x0800090c   Section        0  usart3_dma.o(i.DMA1_Stream3_IRQHandler)
    i.DMA1_Stream6_IRQHandler                0x08000944   Section        0  usart2_dma.o(i.DMA1_Stream6_IRQHandler)
    i.DMA2_S5_Reset                          0x0800097c   Section        0  usart1_dma.o(i.DMA2_S5_Reset)
    i.DMA2_Stream7_IRQHandler                0x080009a8   Section        0  usart1_dma.o(i.DMA2_Stream7_IRQHandler)
    i.DMA_ClearFlag                          0x080009e0   Section        0  stm32f4xx_dma.o(i.DMA_ClearFlag)
    i.DMA_Cmd                                0x08000a14   Section        0  stm32f4xx_dma.o(i.DMA_Cmd)
    i.DMA_DeInit                             0x08000a2c   Section        0  stm32f4xx_dma.o(i.DMA_DeInit)
    i.DMA_GetFlagStatus                      0x08000b84   Section        0  stm32f4xx_dma.o(i.DMA_GetFlagStatus)
    i.DMA_GetITStatus                        0x08000bc8   Section        0  stm32f4xx_dma.o(i.DMA_GetITStatus)
    i.DMA_ITConfig                           0x08000c2c   Section        0  stm32f4xx_dma.o(i.DMA_ITConfig)
    i.DMA_Init                               0x08000c68   Section        0  stm32f4xx_dma.o(i.DMA_Init)
    i.DMA_SetCurrDataCounter                 0x08000cc0   Section        0  stm32f4xx_dma.o(i.DMA_SetCurrDataCounter)
    i.DebugMon_Handler                       0x08000cc4   Section        0  stm32f4xx_it.o(i.DebugMon_Handler)
    i.Delay_IIC                              0x08000cc6   Section        0  i2c.o(i.Delay_IIC)
    i.GPIO_Init                              0x08000cdc   Section        0  stm32f4xx_gpio.o(i.GPIO_Init)
    i.GPIO_PinAFConfig                       0x08000d6c   Section        0  stm32f4xx_gpio.o(i.GPIO_PinAFConfig)
    i.Get_Angle                              0x08000db4   Section        0  imu.o(i.Get_Angle)
    i.Get_Eulerian_Angle                     0x08000e5c   Section        0  imu.o(i.Get_Eulerian_Angle)
    i.Get_Radian                             0x08000fec   Section        0  mymath.o(i.Get_Radian)
    i.Gyro_Slid_Filter                       0x0800103c   Section        0  mymath.o(i.Gyro_Slid_Filter)
    i.HardFault_Handler                      0x08001220   Section        0  stm32f4xx_it.o(i.HardFault_Handler)
    i.IIC_Ack                                0x08001224   Section        0  i2c.o(i.IIC_Ack)
    i.IIC_Init                               0x08001274   Section        0  i2c.o(i.IIC_Init)
    i.IIC_NAck                               0x080012bc   Section        0  i2c.o(i.IIC_NAck)
    i.IIC_Read_Byte                          0x0800130c   Section        0  i2c.o(i.IIC_Read_Byte)
    i.IIC_Send_Byte                          0x08001378   Section        0  i2c.o(i.IIC_Send_Byte)
    i.IIC_Start                              0x080013e0   Section        0  i2c.o(i.IIC_Start)
    i.IIC_Stop                               0x0800142c   Section        0  i2c.o(i.IIC_Stop)
    i.IIC_Wait_Ack                           0x08001478   Section        0  i2c.o(i.IIC_Wait_Ack)
    i.IMUupdate                              0x080014e0   Section        0  imu.o(i.IMUupdate)
    i.LED_Init                               0x080017b4   Section        0  bsp_led.o(i.LED_Init)
    i.MPU_Get_Accelerometer                  0x080017f4   Section        0  mpu6050.o(i.MPU_Get_Accelerometer)
    i.MPU_Get_Gyroscope                      0x08001844   Section        0  mpu6050.o(i.MPU_Get_Gyroscope)
    i.MPU_Init                               0x08001894   Section        0  mpu6050.o(i.MPU_Init)
    i.MPU_Read_Byte                          0x08001914   Section        0  mpu6050.o(i.MPU_Read_Byte)
    i.MPU_Read_Len                           0x0800194e   Section        0  mpu6050.o(i.MPU_Read_Len)
    i.MPU_Set_Accel_Fsr                      0x080019c2   Section        0  mpu6050.o(i.MPU_Set_Accel_Fsr)
    i.MPU_Set_Gyro_Fsr                       0x080019d2   Section        0  mpu6050.o(i.MPU_Set_Gyro_Fsr)
    i.MPU_Set_LPF                            0x080019e2   Section        0  mpu6050.o(i.MPU_Set_LPF)
    i.MPU_Set_Rate                           0x08001a1c   Section        0  mpu6050.o(i.MPU_Set_Rate)
    i.MPU_Write_Byte                         0x08001a56   Section        0  mpu6050.o(i.MPU_Write_Byte)
    i.MemManage_Handler                      0x08001a9a   Section        0  stm32f4xx_it.o(i.MemManage_Handler)
    i.NMI_Handler                            0x08001a9e   Section        0  stm32f4xx_it.o(i.NMI_Handler)
    i.NVIC_Init                              0x08001aa0   Section        0  misc.o(i.NVIC_Init)
    i.PendSV_Handler                         0x08001b18   Section        0  stm32f4xx_it.o(i.PendSV_Handler)
    i.RCC_AHB1PeriphClockCmd                 0x08001b1c   Section        0  stm32f4xx_rcc.o(i.RCC_AHB1PeriphClockCmd)
    i.RCC_APB1PeriphClockCmd                 0x08001b3c   Section        0  stm32f4xx_rcc.o(i.RCC_APB1PeriphClockCmd)
    i.RCC_APB2PeriphClockCmd                 0x08001b5c   Section        0  stm32f4xx_rcc.o(i.RCC_APB2PeriphClockCmd)
    i.RCC_GetClocksFreq                      0x08001b7c   Section        0  stm32f4xx_rcc.o(i.RCC_GetClocksFreq)
    i.SVC_Handler                            0x08001c64   Section        0  stm32f4xx_it.o(i.SVC_Handler)
    i.SetSysClock                            0x08001c68   Section        0  system_stm32f4xx.o(i.SetSysClock)
    SetSysClock                              0x08001c69   Thumb Code   220  system_stm32f4xx.o(i.SetSysClock)
    i.Steer_Mode                             0x08001d54   Section        0  steer.o(i.Steer_Mode)
    i.Steer_Set_angle                        0x08001d7c   Section        0  steer.o(i.Steer_Set_angle)
    i.SysTick_Handler                        0x08001eb4   Section        0  stm32f4xx_it.o(i.SysTick_Handler)
    i.SysTick_Init                           0x08001ebc   Section        0  bsp_systick.o(i.SysTick_Init)
    i.SystemInit                             0x08001f24   Section        0  system_stm32f4xx.o(i.SystemInit)
    i.TIM1_Motor_PWM_Init                    0x08001f8c   Section        0  motor.o(i.TIM1_Motor_PWM_Init)
    i.TIM3_Steer1_2_PWM_Init                 0x080020b4   Section        0  steer.o(i.TIM3_Steer1_2_PWM_Init)
    i.TIM7_IRQHandler                        0x080021b0   Section        0  bsp_basic_tim.o(i.TIM7_IRQHandler)
    i.TIM7_Init                              0x080021d0   Section        0  bsp_basic_tim.o(i.TIM7_Init)
    i.TIM_ARRPreloadConfig                   0x08002230   Section        0  stm32f4xx_tim.o(i.TIM_ARRPreloadConfig)
    i.TIM_ClearITPendingBit                  0x08002248   Section        0  stm32f4xx_tim.o(i.TIM_ClearITPendingBit)
    i.TIM_Cmd                                0x0800224e   Section        0  stm32f4xx_tim.o(i.TIM_Cmd)
    i.TIM_CtrlPWMOutputs                     0x08002266   Section        0  stm32f4xx_tim.o(i.TIM_CtrlPWMOutputs)
    i.TIM_DMACmd                             0x08002284   Section        0  stm32f4xx_tim.o(i.TIM_DMACmd)
    i.TIM_GetITStatus                        0x08002296   Section        0  stm32f4xx_tim.o(i.TIM_GetITStatus)
    i.TIM_ITConfig                           0x080022b8   Section        0  stm32f4xx_tim.o(i.TIM_ITConfig)
    i.TIM_OC1Init                            0x080022cc   Section        0  stm32f4xx_tim.o(i.TIM_OC1Init)
    i.TIM_OC1PreloadConfig                   0x08002348   Section        0  stm32f4xx_tim.o(i.TIM_OC1PreloadConfig)
    i.TIM_OC2Init                            0x0800235c   Section        0  stm32f4xx_tim.o(i.TIM_OC2Init)
    i.TIM_OC2PreloadConfig                   0x08002400   Section        0  stm32f4xx_tim.o(i.TIM_OC2PreloadConfig)
    i.TIM_OC3Init                            0x0800241c   Section        0  stm32f4xx_tim.o(i.TIM_OC3Init)
    i.TIM_OC3PreloadConfig                   0x080024bc   Section        0  stm32f4xx_tim.o(i.TIM_OC3PreloadConfig)
    i.TIM_OC4Init                            0x080024d0   Section        0  stm32f4xx_tim.o(i.TIM_OC4Init)
    i.TIM_OC4PreloadConfig                   0x08002548   Section        0  stm32f4xx_tim.o(i.TIM_OC4PreloadConfig)
    i.TIM_SetCompare1                        0x08002562   Section        0  stm32f4xx_tim.o(i.TIM_SetCompare1)
    i.TIM_SetCompare2                        0x08002566   Section        0  stm32f4xx_tim.o(i.TIM_SetCompare2)
    i.TIM_SetCompare3                        0x0800256a   Section        0  stm32f4xx_tim.o(i.TIM_SetCompare3)
    i.TIM_SetCompare4                        0x0800256e   Section        0  stm32f4xx_tim.o(i.TIM_SetCompare4)
    i.TIM_TimeBaseInit                       0x08002574   Section        0  stm32f4xx_tim.o(i.TIM_TimeBaseInit)
    i.Task_10ms                              0x080025f8   Section        0  control.o(i.Task_10ms)
    i.Task_2ms                               0x08002608   Section        0  control.o(i.Task_2ms)
    i.TimingDelay_Decrement                  0x0800260c   Section        0  bsp_systick.o(i.TimingDelay_Decrement)
    i.USART1_IRQHandler                      0x08002624   Section        0  usart1_dma.o(i.USART1_IRQHandler)
    i.USART1_Init                            0x08002680   Section        0  usart1_dma.o(i.USART1_Init)
    i.USART2_IRQHandler                      0x08002890   Section        0  usart2_dma.o(i.USART2_IRQHandler)
    i.USART2_Init                            0x08002908   Section        0  usart2_dma.o(i.USART2_Init)
    i.USART3_IRQHandler                      0x08002b14   Section        0  usart3_dma.o(i.USART3_IRQHandler)
    i.USART3_Init                            0x08002b78   Section        0  usart3_dma.o(i.USART3_Init)
    i.USART_ClearITPendingBit                0x08002d88   Section        0  stm32f4xx_usart.o(i.USART_ClearITPendingBit)
    i.USART_Cmd                              0x08002da6   Section        0  stm32f4xx_usart.o(i.USART_Cmd)
    i.USART_DMACmd                           0x08002dbe   Section        0  stm32f4xx_usart.o(i.USART_DMACmd)
    i.USART_GetITStatus                      0x08002dd0   Section        0  stm32f4xx_usart.o(i.USART_GetITStatus)
    i.USART_ITConfig                         0x08002e24   Section        0  stm32f4xx_usart.o(i.USART_ITConfig)
    i.USART_Init                             0x08002e70   Section        0  stm32f4xx_usart.o(i.USART_Init)
    i.USART_ReceiveData                      0x08002f44   Section        0  stm32f4xx_usart.o(i.USART_ReceiveData)
    i.UsageFault_Handler                     0x08002f4e   Section        0  stm32f4xx_it.o(i.UsageFault_Handler)
    i.__ARM_fpclassify                       0x08002f52   Section        0  fpclassify.o(i.__ARM_fpclassify)
    i.__hardfp_asin                          0x08002f88   Section        0  asin.o(i.__hardfp_asin)
    i.__hardfp_atan                          0x080032e8   Section        0  atan.o(i.__hardfp_atan)
    i.__hardfp_atan2                         0x080035c0   Section        0  atan2.o(i.__hardfp_atan2)
    i.__kernel_poly                          0x080037b0   Section        0  poly.o(i.__kernel_poly)
    i.__mathlib_dbl_infnan                   0x080038a8   Section        0  dunder.o(i.__mathlib_dbl_infnan)
    i.__mathlib_dbl_infnan2                  0x080038bc   Section        0  dunder.o(i.__mathlib_dbl_infnan2)
    i.__mathlib_dbl_invalid                  0x080038d0   Section        0  dunder.o(i.__mathlib_dbl_invalid)
    i.__mathlib_dbl_underflow                0x080038f0   Section        0  dunder.o(i.__mathlib_dbl_underflow)
    i.__scatterload_copy                     0x08003910   Section       14  handlers.o(i.__scatterload_copy)
    i.__scatterload_null                     0x0800391e   Section        2  handlers.o(i.__scatterload_null)
    i.__scatterload_zeroinit                 0x08003920   Section       14  handlers.o(i.__scatterload_zeroinit)
    i.__set_errno                            0x08003930   Section        0  errno.o(i.__set_errno)
    i.add_checksum_and_telemetry             0x0800393c   Section        0  motor.o(i.add_checksum_and_telemetry)
    i.atan                                   0x0800396a   Section        0  atan.o(i.atan)
    i.control_task                           0x0800397c   Section        0  control.o(i.control_task)
    i.delay_us                               0x08003a04   Section        0  bsp_systick.o(i.delay_us)
    i.fabs                                   0x08003a1c   Section        0  fabs.o(i.fabs)
    i.invSqrt                                0x08003a34   Section        0  mymath.o(i.invSqrt)
    i.main                                   0x08003a70   Section        0  main.o(i.main)
    i.motor_send                             0x08003adc   Section        0  motor.o(i.motor_send)
    i.pidUpdate                              0x08003b58   Section        0  pid.o(i.pidUpdate)
    i.pid_task                               0x08003c60   Section        0  control.o(i.pid_task)
    i.pwmWriteDigital                        0x08003d3c   Section        0  motor.o(i.pwmWriteDigital)
    i.sbus_decode                            0x08003e3e   Section        0  usart2_dma.o(i.sbus_decode)
    i.sbus_re_calculate                      0x08003f4c   Section        0  usart2_dma.o(i.sbus_re_calculate)
    i.sqrt                                   0x080040a4   Section        0  sqrt.o(i.sqrt)
    .constdata                               0x08004118   Section       80  asin.o(.constdata)
    pS                                       0x08004118   Data          48  asin.o(.constdata)
    qS                                       0x08004148   Data          32  asin.o(.constdata)
    .constdata                               0x08004168   Section      152  atan.o(.constdata)
    atanhi                                   0x08004168   Data          32  atan.o(.constdata)
    atanlo                                   0x08004188   Data          32  atan.o(.constdata)
    aTodd                                    0x080041a8   Data          40  atan.o(.constdata)
    aTeven                                   0x080041d0   Data          48  atan.o(.constdata)
    .constdata                               0x08004200   Section        8  qnan.o(.constdata)
    .data                                    0x20000000   Section       20  system_stm32f4xx.o(.data)
    .data                                    0x20000014   Section       16  stm32f4xx_rcc.o(.data)
    APBAHBPrescTable                         0x20000014   Data          16  stm32f4xx_rcc.o(.data)
    .data                                    0x20000024   Section        4  bsp_systick.o(.data)
    TimingDelay                              0x20000024   Data           4  bsp_systick.o(.data)
    .data                                    0x20000028   Section       76  control.o(.data)
    flag                                     0x20000070   Data           4  control.o(.data)
    .data                                    0x20000074   Section       24  mymath.o(.data)
    ACC_IIR_FACTOR                           0x20000074   Data           4  mymath.o(.data)
    Filter_count                             0x20000084   Data           1  mymath.o(.data)
    gro_cnt                                  0x20000085   Data           1  mymath.o(.data)
    acc_cnt                                  0x20000086   Data           1  mymath.o(.data)
    dataNum                                  0x20000087   Data           1  mymath.o(.data)
    max                                      0x20000088   Data           2  mymath.o(.data)
    min                                      0x2000008a   Data           2  mymath.o(.data)
    .data                                    0x2000008c   Section       76  imu.o(.data)
    .data                                    0x200000d8   Section       32  steer.o(.data)
    .data                                    0x200000f8   Section        1  usart3_dma.o(.data)
    Uart3_Rec_Len                            0x200000f8   Data           1  usart3_dma.o(.data)
    .data                                    0x200000f9   Section        1  usart2_dma.o(.data)
    Uart2_Rec_Len                            0x200000f9   Data           1  usart2_dma.o(.data)
    .data                                    0x200000fa   Section        2  usart1_dma.o(.data)
    UART1_Rec_Len                            0x200000fb   Data           1  usart1_dma.o(.data)
    .data                                    0x200000fc   Section        4  errno.o(.data)
    _errno                                   0x200000fc   Data           4  errno.o(.data)
    .bss                                     0x20000100   Section       68  motor.o(.bss)
    .bss                                     0x20000144   Section      204  control.o(.bss)
    .bss                                     0x20000210   Section     1296  mymath.o(.bss)
    Filter_x                                 0x20000210   Data          32  mymath.o(.bss)
    Filter_y                                 0x20000230   Data          32  mymath.o(.bss)
    Filter_z                                 0x20000250   Data          32  mymath.o(.bss)
    Filter_x                                 0x20000270   Data         200  mymath.o(.bss)
    Filter_y                                 0x20000338   Data         200  mymath.o(.bss)
    Filter_z                                 0x20000400   Data         200  mymath.o(.bss)
    Filter_x                                 0x200004c8   Data         200  mymath.o(.bss)
    Filter_y                                 0x20000590   Data         200  mymath.o(.bss)
    Filter_z                                 0x20000658   Data         200  mymath.o(.bss)
    .bss                                     0x20000720   Section       24  imu.o(.bss)
    .bss                                     0x20000738   Section       51  usart3_dma.o(.bss)
    Send_DATA                                0x20000756   Data          21  usart3_dma.o(.bss)
    .bss                                     0x2000076c   Section      140  usart2_dma.o(.bss)
    .bss                                     0x200007f8   Section       51  usart1_dma.o(.bss)
    Send_DATA                                0x20000816   Data          21  usart1_dma.o(.bss)
    STACK                                    0x20000830   Section     1024  startup_stm32f40xx.o(STACK)

    Global Symbols

    Symbol Name                              Value     Ov Type        Size  Object(Section)

    BuildAttributes$$THM_ISAv4$E$P$D$K$B$S$7EM$VFPi3$EXTD16$VFPS$VFMA$PE$A:L22UL41UL21$X:L11$S22US41US21$IEEE1$IW$USESV6$~STKCKD$USESV7$~SHL$OTIME$ROPI$IEEEX$EBA8$MICROLIB$REQ8$PRES8$EABIv2 0x00000000   Number         0  anon$$obj.o ABSOLUTE
    __ARM_use_no_argv                        0x00000000   Number         0  main.o ABSOLUTE
    __cpp_initialize__aeabi_                  - Undefined Weak Reference
    __cxa_finalize                            - Undefined Weak Reference
    __decompress                              - Undefined Weak Reference
    _clock_init                               - Undefined Weak Reference
    _microlib_exit                            - Undefined Weak Reference
    __Vectors_Size                           0x00000188   Number         0  startup_stm32f40xx.o ABSOLUTE
    __Vectors                                0x08000000   Data           4  startup_stm32f40xx.o(RESET)
    __Vectors_End                            0x08000188   Data           0  startup_stm32f40xx.o(RESET)
    __main                                   0x08000189   Thumb Code     0  entry.o(.ARM.Collect$$$$00000000)
    _main_stk                                0x08000189   Thumb Code     0  entry2.o(.ARM.Collect$$$$00000001)
    _main_scatterload                        0x0800018d   Thumb Code     0  entry5.o(.ARM.Collect$$$$00000004)
    __main_after_scatterload                 0x08000191   Thumb Code     0  entry5.o(.ARM.Collect$$$$00000004)
    _main_clock                              0x08000191   Thumb Code     0  entry7b.o(.ARM.Collect$$$$00000008)
    _main_cpp_init                           0x08000191   Thumb Code     0  entry8b.o(.ARM.Collect$$$$0000000A)
    _main_init                               0x08000191   Thumb Code     0  entry9a.o(.ARM.Collect$$$$0000000B)
    __rt_final_cpp                           0x08000199   Thumb Code     0  entry10a.o(.ARM.Collect$$$$0000000D)
    __rt_final_exit                          0x08000199   Thumb Code     0  entry11a.o(.ARM.Collect$$$$0000000F)
    Reset_Handler                            0x0800019d   Thumb Code     8  startup_stm32f40xx.o(.text)
    ADC_IRQHandler                           0x080001b7   Thumb Code     0  startup_stm32f40xx.o(.text)
    CAN1_RX0_IRQHandler                      0x080001b7   Thumb Code     0  startup_stm32f40xx.o(.text)
    CAN1_RX1_IRQHandler                      0x080001b7   Thumb Code     0  startup_stm32f40xx.o(.text)
    CAN1_SCE_IRQHandler                      0x080001b7   Thumb Code     0  startup_stm32f40xx.o(.text)
    CAN1_TX_IRQHandler                       0x080001b7   Thumb Code     0  startup_stm32f40xx.o(.text)
    CAN2_RX0_IRQHandler                      0x080001b7   Thumb Code     0  startup_stm32f40xx.o(.text)
    CAN2_RX1_IRQHandler                      0x080001b7   Thumb Code     0  startup_stm32f40xx.o(.text)
    CAN2_SCE_IRQHandler                      0x080001b7   Thumb Code     0  startup_stm32f40xx.o(.text)
    CAN2_TX_IRQHandler                       0x080001b7   Thumb Code     0  startup_stm32f40xx.o(.text)
    CRYP_IRQHandler                          0x080001b7   Thumb Code     0  startup_stm32f40xx.o(.text)
    DCMI_IRQHandler                          0x080001b7   Thumb Code     0  startup_stm32f40xx.o(.text)
    DMA1_Stream0_IRQHandler                  0x080001b7   Thumb Code     0  startup_stm32f40xx.o(.text)
    DMA1_Stream1_IRQHandler                  0x080001b7   Thumb Code     0  startup_stm32f40xx.o(.text)
    DMA1_Stream2_IRQHandler                  0x080001b7   Thumb Code     0  startup_stm32f40xx.o(.text)
    DMA1_Stream4_IRQHandler                  0x080001b7   Thumb Code     0  startup_stm32f40xx.o(.text)
    DMA1_Stream5_IRQHandler                  0x080001b7   Thumb Code     0  startup_stm32f40xx.o(.text)
    DMA1_Stream7_IRQHandler                  0x080001b7   Thumb Code     0  startup_stm32f40xx.o(.text)
    DMA2_Stream0_IRQHandler                  0x080001b7   Thumb Code     0  startup_stm32f40xx.o(.text)
    DMA2_Stream1_IRQHandler                  0x080001b7   Thumb Code     0  startup_stm32f40xx.o(.text)
    DMA2_Stream2_IRQHandler                  0x080001b7   Thumb Code     0  startup_stm32f40xx.o(.text)
    DMA2_Stream3_IRQHandler                  0x080001b7   Thumb Code     0  startup_stm32f40xx.o(.text)
    DMA2_Stream4_IRQHandler                  0x080001b7   Thumb Code     0  startup_stm32f40xx.o(.text)
    DMA2_Stream5_IRQHandler                  0x080001b7   Thumb Code     0  startup_stm32f40xx.o(.text)
    DMA2_Stream6_IRQHandler                  0x080001b7   Thumb Code     0  startup_stm32f40xx.o(.text)
    ETH_IRQHandler                           0x080001b7   Thumb Code     0  startup_stm32f40xx.o(.text)
    ETH_WKUP_IRQHandler                      0x080001b7   Thumb Code     0  startup_stm32f40xx.o(.text)
    EXTI0_IRQHandler                         0x080001b7   Thumb Code     0  startup_stm32f40xx.o(.text)
    EXTI15_10_IRQHandler                     0x080001b7   Thumb Code     0  startup_stm32f40xx.o(.text)
    EXTI1_IRQHandler                         0x080001b7   Thumb Code     0  startup_stm32f40xx.o(.text)
    EXTI2_IRQHandler                         0x080001b7   Thumb Code     0  startup_stm32f40xx.o(.text)
    EXTI3_IRQHandler                         0x080001b7   Thumb Code     0  startup_stm32f40xx.o(.text)
    EXTI4_IRQHandler                         0x080001b7   Thumb Code     0  startup_stm32f40xx.o(.text)
    EXTI9_5_IRQHandler                       0x080001b7   Thumb Code     0  startup_stm32f40xx.o(.text)
    FLASH_IRQHandler                         0x080001b7   Thumb Code     0  startup_stm32f40xx.o(.text)
    FPU_IRQHandler                           0x080001b7   Thumb Code     0  startup_stm32f40xx.o(.text)
    FSMC_IRQHandler                          0x080001b7   Thumb Code     0  startup_stm32f40xx.o(.text)
    HASH_RNG_IRQHandler                      0x080001b7   Thumb Code     0  startup_stm32f40xx.o(.text)
    I2C1_ER_IRQHandler                       0x080001b7   Thumb Code     0  startup_stm32f40xx.o(.text)
    I2C1_EV_IRQHandler                       0x080001b7   Thumb Code     0  startup_stm32f40xx.o(.text)
    I2C2_ER_IRQHandler                       0x080001b7   Thumb Code     0  startup_stm32f40xx.o(.text)
    I2C2_EV_IRQHandler                       0x080001b7   Thumb Code     0  startup_stm32f40xx.o(.text)
    I2C3_ER_IRQHandler                       0x080001b7   Thumb Code     0  startup_stm32f40xx.o(.text)
    I2C3_EV_IRQHandler                       0x080001b7   Thumb Code     0  startup_stm32f40xx.o(.text)
    OTG_FS_IRQHandler                        0x080001b7   Thumb Code     0  startup_stm32f40xx.o(.text)
    OTG_FS_WKUP_IRQHandler                   0x080001b7   Thumb Code     0  startup_stm32f40xx.o(.text)
    OTG_HS_EP1_IN_IRQHandler                 0x080001b7   Thumb Code     0  startup_stm32f40xx.o(.text)
    OTG_HS_EP1_OUT_IRQHandler                0x080001b7   Thumb Code     0  startup_stm32f40xx.o(.text)
    OTG_HS_IRQHandler                        0x080001b7   Thumb Code     0  startup_stm32f40xx.o(.text)
    OTG_HS_WKUP_IRQHandler                   0x080001b7   Thumb Code     0  startup_stm32f40xx.o(.text)
    PVD_IRQHandler                           0x080001b7   Thumb Code     0  startup_stm32f40xx.o(.text)
    RCC_IRQHandler                           0x080001b7   Thumb Code     0  startup_stm32f40xx.o(.text)
    RTC_Alarm_IRQHandler                     0x080001b7   Thumb Code     0  startup_stm32f40xx.o(.text)
    RTC_WKUP_IRQHandler                      0x080001b7   Thumb Code     0  startup_stm32f40xx.o(.text)
    SDIO_IRQHandler                          0x080001b7   Thumb Code     0  startup_stm32f40xx.o(.text)
    SPI1_IRQHandler                          0x080001b7   Thumb Code     0  startup_stm32f40xx.o(.text)
    SPI2_IRQHandler                          0x080001b7   Thumb Code     0  startup_stm32f40xx.o(.text)
    SPI3_IRQHandler                          0x080001b7   Thumb Code     0  startup_stm32f40xx.o(.text)
    TAMP_STAMP_IRQHandler                    0x080001b7   Thumb Code     0  startup_stm32f40xx.o(.text)
    TIM1_BRK_TIM9_IRQHandler                 0x080001b7   Thumb Code     0  startup_stm32f40xx.o(.text)
    TIM1_CC_IRQHandler                       0x080001b7   Thumb Code     0  startup_stm32f40xx.o(.text)
    TIM1_TRG_COM_TIM11_IRQHandler            0x080001b7   Thumb Code     0  startup_stm32f40xx.o(.text)
    TIM1_UP_TIM10_IRQHandler                 0x080001b7   Thumb Code     0  startup_stm32f40xx.o(.text)
    TIM2_IRQHandler                          0x080001b7   Thumb Code     0  startup_stm32f40xx.o(.text)
    TIM3_IRQHandler                          0x080001b7   Thumb Code     0  startup_stm32f40xx.o(.text)
    TIM4_IRQHandler                          0x080001b7   Thumb Code     0  startup_stm32f40xx.o(.text)
    TIM5_IRQHandler                          0x080001b7   Thumb Code     0  startup_stm32f40xx.o(.text)
    TIM6_DAC_IRQHandler                      0x080001b7   Thumb Code     0  startup_stm32f40xx.o(.text)
    TIM8_BRK_TIM12_IRQHandler                0x080001b7   Thumb Code     0  startup_stm32f40xx.o(.text)
    TIM8_CC_IRQHandler                       0x080001b7   Thumb Code     0  startup_stm32f40xx.o(.text)
    TIM8_TRG_COM_TIM14_IRQHandler            0x080001b7   Thumb Code     0  startup_stm32f40xx.o(.text)
    TIM8_UP_TIM13_IRQHandler                 0x080001b7   Thumb Code     0  startup_stm32f40xx.o(.text)
    UART4_IRQHandler                         0x080001b7   Thumb Code     0  startup_stm32f40xx.o(.text)
    UART5_IRQHandler                         0x080001b7   Thumb Code     0  startup_stm32f40xx.o(.text)
    USART6_IRQHandler                        0x080001b7   Thumb Code     0  startup_stm32f40xx.o(.text)
    WWDG_IRQHandler                          0x080001b7   Thumb Code     0  startup_stm32f40xx.o(.text)
    __aeabi_dadd                             0x080001c1   Thumb Code   322  dadd.o(.text)
    __aeabi_dsub                             0x08000303   Thumb Code     6  dadd.o(.text)
    __aeabi_drsub                            0x08000309   Thumb Code     6  dadd.o(.text)
    __aeabi_dmul                             0x0800030f   Thumb Code   228  dmul.o(.text)
    __aeabi_ddiv                             0x080003f3   Thumb Code   222  ddiv.o(.text)
    __aeabi_i2d                              0x080004d1   Thumb Code    34  dflti.o(.text)
    __aeabi_d2iz                             0x080004f3   Thumb Code    62  dfixi.o(.text)
    __aeabi_f2d                              0x08000531   Thumb Code    38  f2d.o(.text)
    __aeabi_d2f                              0x08000557   Thumb Code    56  d2f.o(.text)
    __aeabi_llsl                             0x0800058f   Thumb Code    30  llshl.o(.text)
    _ll_shift_l                              0x0800058f   Thumb Code     0  llshl.o(.text)
    __aeabi_llsr                             0x080005ad   Thumb Code    32  llushr.o(.text)
    _ll_ushift_r                             0x080005ad   Thumb Code     0  llushr.o(.text)
    __aeabi_lasr                             0x080005cd   Thumb Code    36  llsshr.o(.text)
    _ll_sshift_r                             0x080005cd   Thumb Code     0  llsshr.o(.text)
    __I$use$fp                               0x080005f1   Thumb Code     0  iusefp.o(.text)
    _float_round                             0x080005f1   Thumb Code    18  fepilogue.o(.text)
    _float_epilogue                          0x08000603   Thumb Code    92  fepilogue.o(.text)
    _double_round                            0x0800065f   Thumb Code    30  depilogue.o(.text)
    _double_epilogue                         0x0800067d   Thumb Code   156  depilogue.o(.text)
    __scatterload                            0x08000719   Thumb Code    28  init.o(.text)
    __scatterload_rt2                        0x08000719   Thumb Code     0  init.o(.text)
    _dsqrt                                   0x0800073d   Thumb Code   162  dsqrt.o(.text)
    ACC_IIR_Filter                           0x080007e1   Thumb Code   146  mymath.o(i.ACC_IIR_Filter)
    BEEP_Init                                0x08000879   Thumb Code    52  beep.o(i.BEEP_Init)
    BusFault_Handler                         0x080008b1   Thumb Code     4  stm32f4xx_it.o(i.BusFault_Handler)
    DMA1_S1_Reset                            0x080008b5   Thumb Code    36  usart3_dma.o(i.DMA1_S1_Reset)
    DMA1_S5_Reset                            0x080008e1   Thumb Code    36  usart2_dma.o(i.DMA1_S5_Reset)
    DMA1_Stream3_IRQHandler                  0x0800090d   Thumb Code    42  usart3_dma.o(i.DMA1_Stream3_IRQHandler)
    DMA1_Stream6_IRQHandler                  0x08000945   Thumb Code    42  usart2_dma.o(i.DMA1_Stream6_IRQHandler)
    DMA2_S5_Reset                            0x0800097d   Thumb Code    36  usart1_dma.o(i.DMA2_S5_Reset)
    DMA2_Stream7_IRQHandler                  0x080009a9   Thumb Code    42  usart1_dma.o(i.DMA2_Stream7_IRQHandler)
    DMA_ClearFlag                            0x080009e1   Thumb Code    38  stm32f4xx_dma.o(i.DMA_ClearFlag)
    DMA_Cmd                                  0x08000a15   Thumb Code    22  stm32f4xx_dma.o(i.DMA_Cmd)
    DMA_DeInit                               0x08000a2d   Thumb Code   324  stm32f4xx_dma.o(i.DMA_DeInit)
    DMA_GetFlagStatus                        0x08000b85   Thumb Code    54  stm32f4xx_dma.o(i.DMA_GetFlagStatus)
    DMA_GetITStatus                          0x08000bc9   Thumb Code    82  stm32f4xx_dma.o(i.DMA_GetITStatus)
    DMA_ITConfig                             0x08000c2d   Thumb Code    58  stm32f4xx_dma.o(i.DMA_ITConfig)
    DMA_Init                                 0x08000c69   Thumb Code    82  stm32f4xx_dma.o(i.DMA_Init)
    DMA_SetCurrDataCounter                   0x08000cc1   Thumb Code     4  stm32f4xx_dma.o(i.DMA_SetCurrDataCounter)
    DebugMon_Handler                         0x08000cc5   Thumb Code     2  stm32f4xx_it.o(i.DebugMon_Handler)
    Delay_IIC                                0x08000cc7   Thumb Code    22  i2c.o(i.Delay_IIC)
    GPIO_Init                                0x08000cdd   Thumb Code   144  stm32f4xx_gpio.o(i.GPIO_Init)
    GPIO_PinAFConfig                         0x08000d6d   Thumb Code    70  stm32f4xx_gpio.o(i.GPIO_PinAFConfig)
    Get_Angle                                0x08000db5   Thumb Code   142  imu.o(i.Get_Angle)
    Get_Eulerian_Angle                       0x08000e5d   Thumb Code   362  imu.o(i.Get_Eulerian_Angle)
    Get_Radian                               0x08000fed   Thumb Code    74  mymath.o(i.Get_Radian)
    Gyro_Slid_Filter                         0x0800103d   Thumb Code   428  mymath.o(i.Gyro_Slid_Filter)
    HardFault_Handler                        0x08001221   Thumb Code     4  stm32f4xx_it.o(i.HardFault_Handler)
    IIC_Ack                                  0x08001225   Thumb Code    66  i2c.o(i.IIC_Ack)
    IIC_Init                                 0x08001275   Thumb Code    60  i2c.o(i.IIC_Init)
    IIC_NAck                                 0x080012bd   Thumb Code    66  i2c.o(i.IIC_NAck)
    IIC_Read_Byte                            0x0800130d   Thumb Code    94  i2c.o(i.IIC_Read_Byte)
    IIC_Send_Byte                            0x08001379   Thumb Code    90  i2c.o(i.IIC_Send_Byte)
    IIC_Start                                0x080013e1   Thumb Code    64  i2c.o(i.IIC_Start)
    IIC_Stop                                 0x0800142d   Thumb Code    62  i2c.o(i.IIC_Stop)
    IIC_Wait_Ack                             0x08001479   Thumb Code    92  i2c.o(i.IIC_Wait_Ack)
    IMUupdate                                0x080014e1   Thumb Code   692  imu.o(i.IMUupdate)
    LED_Init                                 0x080017b5   Thumb Code    58  bsp_led.o(i.LED_Init)
    MPU_Get_Accelerometer                    0x080017f5   Thumb Code    80  mpu6050.o(i.MPU_Get_Accelerometer)
    MPU_Get_Gyroscope                        0x08001845   Thumb Code    80  mpu6050.o(i.MPU_Get_Gyroscope)
    MPU_Init                                 0x08001895   Thumb Code   128  mpu6050.o(i.MPU_Init)
    MPU_Read_Byte                            0x08001915   Thumb Code    58  mpu6050.o(i.MPU_Read_Byte)
    MPU_Read_Len                             0x0800194f   Thumb Code   116  mpu6050.o(i.MPU_Read_Len)
    MPU_Set_Accel_Fsr                        0x080019c3   Thumb Code    16  mpu6050.o(i.MPU_Set_Accel_Fsr)
    MPU_Set_Gyro_Fsr                         0x080019d3   Thumb Code    16  mpu6050.o(i.MPU_Set_Gyro_Fsr)
    MPU_Set_LPF                              0x080019e3   Thumb Code    58  mpu6050.o(i.MPU_Set_LPF)
    MPU_Set_Rate                             0x08001a1d   Thumb Code    58  mpu6050.o(i.MPU_Set_Rate)
    MPU_Write_Byte                           0x08001a57   Thumb Code    68  mpu6050.o(i.MPU_Write_Byte)
    MemManage_Handler                        0x08001a9b   Thumb Code     4  stm32f4xx_it.o(i.MemManage_Handler)
    NMI_Handler                              0x08001a9f   Thumb Code     2  stm32f4xx_it.o(i.NMI_Handler)
    NVIC_Init                                0x08001aa1   Thumb Code   106  misc.o(i.NVIC_Init)
    PendSV_Handler                           0x08001b19   Thumb Code     2  stm32f4xx_it.o(i.PendSV_Handler)
    RCC_AHB1PeriphClockCmd                   0x08001b1d   Thumb Code    26  stm32f4xx_rcc.o(i.RCC_AHB1PeriphClockCmd)
    RCC_APB1PeriphClockCmd                   0x08001b3d   Thumb Code    26  stm32f4xx_rcc.o(i.RCC_APB1PeriphClockCmd)
    RCC_APB2PeriphClockCmd                   0x08001b5d   Thumb Code    26  stm32f4xx_rcc.o(i.RCC_APB2PeriphClockCmd)
    RCC_GetClocksFreq                        0x08001b7d   Thumb Code   214  stm32f4xx_rcc.o(i.RCC_GetClocksFreq)
    SVC_Handler                              0x08001c65   Thumb Code     2  stm32f4xx_it.o(i.SVC_Handler)
    Steer_Mode                               0x08001d55   Thumb Code    36  steer.o(i.Steer_Mode)
    Steer_Set_angle                          0x08001d7d   Thumb Code   292  steer.o(i.Steer_Set_angle)
    SysTick_Handler                          0x08001eb5   Thumb Code     8  stm32f4xx_it.o(i.SysTick_Handler)
    SysTick_Init                             0x08001ebd   Thumb Code    88  bsp_systick.o(i.SysTick_Init)
    SystemInit                               0x08001f25   Thumb Code    88  system_stm32f4xx.o(i.SystemInit)
    TIM1_Motor_PWM_Init                      0x08001f8d   Thumb Code   278  motor.o(i.TIM1_Motor_PWM_Init)
    TIM3_Steer1_2_PWM_Init                   0x080020b5   Thumb Code   244  steer.o(i.TIM3_Steer1_2_PWM_Init)
    TIM7_IRQHandler                          0x080021b1   Thumb Code    26  bsp_basic_tim.o(i.TIM7_IRQHandler)
    TIM7_Init                                0x080021d1   Thumb Code    90  bsp_basic_tim.o(i.TIM7_Init)
    TIM_ARRPreloadConfig                     0x08002231   Thumb Code    24  stm32f4xx_tim.o(i.TIM_ARRPreloadConfig)
    TIM_ClearITPendingBit                    0x08002249   Thumb Code     6  stm32f4xx_tim.o(i.TIM_ClearITPendingBit)
    TIM_Cmd                                  0x0800224f   Thumb Code    24  stm32f4xx_tim.o(i.TIM_Cmd)
    TIM_CtrlPWMOutputs                       0x08002267   Thumb Code    30  stm32f4xx_tim.o(i.TIM_CtrlPWMOutputs)
    TIM_DMACmd                               0x08002285   Thumb Code    18  stm32f4xx_tim.o(i.TIM_DMACmd)
    TIM_GetITStatus                          0x08002297   Thumb Code    34  stm32f4xx_tim.o(i.TIM_GetITStatus)
    TIM_ITConfig                             0x080022b9   Thumb Code    18  stm32f4xx_tim.o(i.TIM_ITConfig)
    TIM_OC1Init                              0x080022cd   Thumb Code   114  stm32f4xx_tim.o(i.TIM_OC1Init)
    TIM_OC1PreloadConfig                     0x08002349   Thumb Code    18  stm32f4xx_tim.o(i.TIM_OC1PreloadConfig)
    TIM_OC2Init                              0x0800235d   Thumb Code   154  stm32f4xx_tim.o(i.TIM_OC2Init)
    TIM_OC2PreloadConfig                     0x08002401   Thumb Code    26  stm32f4xx_tim.o(i.TIM_OC2PreloadConfig)
    TIM_OC3Init                              0x0800241d   Thumb Code   150  stm32f4xx_tim.o(i.TIM_OC3Init)
    TIM_OC3PreloadConfig                     0x080024bd   Thumb Code    18  stm32f4xx_tim.o(i.TIM_OC3PreloadConfig)
    TIM_OC4Init                              0x080024d1   Thumb Code   112  stm32f4xx_tim.o(i.TIM_OC4Init)
    TIM_OC4PreloadConfig                     0x08002549   Thumb Code    26  stm32f4xx_tim.o(i.TIM_OC4PreloadConfig)
    TIM_SetCompare1                          0x08002563   Thumb Code     4  stm32f4xx_tim.o(i.TIM_SetCompare1)
    TIM_SetCompare2                          0x08002567   Thumb Code     4  stm32f4xx_tim.o(i.TIM_SetCompare2)
    TIM_SetCompare3                          0x0800256b   Thumb Code     4  stm32f4xx_tim.o(i.TIM_SetCompare3)
    TIM_SetCompare4                          0x0800256f   Thumb Code     4  stm32f4xx_tim.o(i.TIM_SetCompare4)
    TIM_TimeBaseInit                         0x08002575   Thumb Code   104  stm32f4xx_tim.o(i.TIM_TimeBaseInit)
    Task_10ms                                0x080025f9   Thumb Code    16  control.o(i.Task_10ms)
    Task_2ms                                 0x08002609   Thumb Code     2  control.o(i.Task_2ms)
    TimingDelay_Decrement                    0x0800260d   Thumb Code    18  bsp_systick.o(i.TimingDelay_Decrement)
    USART1_IRQHandler                        0x08002625   Thumb Code    80  usart1_dma.o(i.USART1_IRQHandler)
    USART1_Init                              0x08002681   Thumb Code   506  usart1_dma.o(i.USART1_Init)
    USART2_IRQHandler                        0x08002891   Thumb Code   100  usart2_dma.o(i.USART2_IRQHandler)
    USART2_Init                              0x08002909   Thumb Code   502  usart2_dma.o(i.USART2_Init)
    USART3_IRQHandler                        0x08002b15   Thumb Code    88  usart3_dma.o(i.USART3_IRQHandler)
    USART3_Init                              0x08002b79   Thumb Code   506  usart3_dma.o(i.USART3_Init)
    USART_ClearITPendingBit                  0x08002d89   Thumb Code    30  stm32f4xx_usart.o(i.USART_ClearITPendingBit)
    USART_Cmd                                0x08002da7   Thumb Code    24  stm32f4xx_usart.o(i.USART_Cmd)
    USART_DMACmd                             0x08002dbf   Thumb Code    18  stm32f4xx_usart.o(i.USART_DMACmd)
    USART_GetITStatus                        0x08002dd1   Thumb Code    84  stm32f4xx_usart.o(i.USART_GetITStatus)
    USART_ITConfig                           0x08002e25   Thumb Code    74  stm32f4xx_usart.o(i.USART_ITConfig)
    USART_Init                               0x08002e71   Thumb Code   204  stm32f4xx_usart.o(i.USART_Init)
    USART_ReceiveData                        0x08002f45   Thumb Code    10  stm32f4xx_usart.o(i.USART_ReceiveData)
    UsageFault_Handler                       0x08002f4f   Thumb Code     4  stm32f4xx_it.o(i.UsageFault_Handler)
    __ARM_fpclassify                         0x08002f53   Thumb Code    48  fpclassify.o(i.__ARM_fpclassify)
    __hardfp_asin                            0x08002f89   Thumb Code   770  asin.o(i.__hardfp_asin)
    __hardfp_atan                            0x080032e9   Thumb Code   622  atan.o(i.__hardfp_atan)
    __hardfp_atan2                           0x080035c1   Thumb Code   432  atan2.o(i.__hardfp_atan2)
    __kernel_poly                            0x080037b1   Thumb Code   248  poly.o(i.__kernel_poly)
    __mathlib_dbl_infnan                     0x080038a9   Thumb Code    20  dunder.o(i.__mathlib_dbl_infnan)
    __mathlib_dbl_infnan2                    0x080038bd   Thumb Code    20  dunder.o(i.__mathlib_dbl_infnan2)
    __mathlib_dbl_invalid                    0x080038d1   Thumb Code    24  dunder.o(i.__mathlib_dbl_invalid)
    __mathlib_dbl_underflow                  0x080038f1   Thumb Code    24  dunder.o(i.__mathlib_dbl_underflow)
    __scatterload_copy                       0x08003911   Thumb Code    14  handlers.o(i.__scatterload_copy)
    __scatterload_null                       0x0800391f   Thumb Code     2  handlers.o(i.__scatterload_null)
    __scatterload_zeroinit                   0x08003921   Thumb Code    14  handlers.o(i.__scatterload_zeroinit)
    __set_errno                              0x08003931   Thumb Code     6  errno.o(i.__set_errno)
    add_checksum_and_telemetry               0x0800393d   Thumb Code    46  motor.o(i.add_checksum_and_telemetry)
    atan                                     0x0800396b   Thumb Code    16  atan.o(i.atan)
    control_task                             0x0800397d   Thumb Code   122  control.o(i.control_task)
    delay_us                                 0x08003a05   Thumb Code    20  bsp_systick.o(i.delay_us)
    fabs                                     0x08003a1d   Thumb Code    24  fabs.o(i.fabs)
    invSqrt                                  0x08003a35   Thumb Code    56  mymath.o(i.invSqrt)
    main                                     0x08003a71   Thumb Code    94  main.o(i.main)
    motor_send                               0x08003add   Thumb Code   106  motor.o(i.motor_send)
    pidUpdate                                0x08003b59   Thumb Code   264  pid.o(i.pidUpdate)
    pid_task                                 0x08003c61   Thumb Code   182  control.o(i.pid_task)
    pwmWriteDigital                          0x08003d3d   Thumb Code   258  motor.o(i.pwmWriteDigital)
    sbus_decode                              0x08003e3f   Thumb Code   270  usart2_dma.o(i.sbus_decode)
    sbus_re_calculate                        0x08003f4d   Thumb Code   292  usart2_dma.o(i.sbus_re_calculate)
    sqrt                                     0x080040a5   Thumb Code   110  sqrt.o(i.sqrt)
    __mathlib_zero                           0x08004200   Data           8  qnan.o(.constdata)
    Region$$Table$$Base                      0x08004208   Number         0  anon$$obj.o(Region$$Table)
    Region$$Table$$Limit                     0x08004228   Number         0  anon$$obj.o(Region$$Table)
    SystemCoreClock                          0x20000000   Data           4  system_stm32f4xx.o(.data)
    AHBPrescTable                            0x20000004   Data          16  system_stm32f4xx.o(.data)
    OUTPitch                                 0x20000028   Data          24  control.o(.data)
    OUTRoll                                  0x20000040   Data          24  control.o(.data)
    INYaw                                    0x20000058   Data          24  control.o(.data)
    accx                                     0x20000078   Data           4  mymath.o(.data)
    accy                                     0x2000007c   Data           4  mymath.o(.data)
    accz                                     0x20000080   Data           4  mymath.o(.data)
    Acc_Raw                                  0x2000008c   Data           6  imu.o(.data)
    Gyro_Raw                                 0x20000092   Data           6  imu.o(.data)
    Acc_Filter                               0x20000098   Data           6  imu.o(.data)
    Gyro_Filter                              0x2000009e   Data           6  imu.o(.data)
    Sin_Pitch                                0x200000a4   Data           4  imu.o(.data)
    Sin_Roll                                 0x200000a8   Data           4  imu.o(.data)
    Sin_Yaw                                  0x200000ac   Data           4  imu.o(.data)
    Cos_Pitch                                0x200000b0   Data           4  imu.o(.data)
    Cos_Roll                                 0x200000b4   Data           4  imu.o(.data)
    Cos_Yaw                                  0x200000b8   Data           4  imu.o(.data)
    q0                                       0x200000bc   Data           4  imu.o(.data)
    q1                                       0x200000c0   Data           4  imu.o(.data)
    q2                                       0x200000c4   Data           4  imu.o(.data)
    q3                                       0x200000c8   Data           4  imu.o(.data)
    exInt                                    0x200000cc   Data           4  imu.o(.data)
    eyInt                                    0x200000d0   Data           4  imu.o(.data)
    ezInt                                    0x200000d4   Data           4  imu.o(.data)
    start_angle                              0x200000d8   Data          16  steer.o(.data)
    speed0                                   0x200000e8   Data           4  steer.o(.data)
    speed1                                   0x200000ec   Data           4  steer.o(.data)
    speed2                                   0x200000f0   Data           4  steer.o(.data)
    speed3                                   0x200000f4   Data           4  steer.o(.data)
    catch_flag                               0x200000fa   Data           1  usart1_dma.o(.data)
    data                                     0x20000100   Data          36  motor.o(.bss)
    Send_data                                0x20000124   Data          32  motor.o(.bss)
    task_tim                                 0x20000144   Data          12  control.o(.bss)
    outRoll                                  0x20000150   Data          64  control.o(.bss)
    outPitch                                 0x20000190   Data          64  control.o(.bss)
    inYaw                                    0x200001d0   Data          64  control.o(.bss)
    SI_gyro                                  0x20000720   Data          12  imu.o(.bss)
    Angel                                    0x2000072c   Data          12  imu.o(.bss)
    rec_data_u3                              0x20000738   Data          15  usart3_dma.o(.bss)
    send_data_u3                             0x20000747   Data          15  usart3_dma.o(.bss)
    rec_data_u2                              0x2000076c   Data          23  usart2_dma.o(.bss)
    send_data_u2                             0x20000783   Data          23  usart2_dma.o(.bss)
    Raw_code                                 0x2000079a   Data          32  usart2_dma.o(.bss)
    sbus_adu                                 0x200007bc   Data          28  usart2_dma.o(.bss)
    re_ch                                    0x200007d8   Data          32  usart2_dma.o(.bss)
    rec_data_u1                              0x200007f8   Data          15  usart1_dma.o(.bss)
    send_data_u1                             0x20000807   Data          15  usart1_dma.o(.bss)
    __initial_sp                             0x20000c30   Data           0  startup_stm32f40xx.o(STACK)



==============================================================================

Memory Map of the image

  Image Entry point : 0x08000189

  Load Region LR_IROM1 (Base: 0x08000000, Size: 0x00004328, Max: 0x00100000, ABSOLUTE)

    Execution Region ER_IROM1 (Base: 0x08000000, Size: 0x00004228, Max: 0x00100000, ABSOLUTE)

    Base Addr    Size         Type   Attr      Idx    E Section Name        Object

    0x08000000   0x00000188   Data   RO            3    RESET               startup_stm32f40xx.o
    0x08000188   0x00000000   Code   RO         5764  * .ARM.Collect$$$$00000000  mc_w.l(entry.o)
    0x08000188   0x00000004   Code   RO         5850    .ARM.Collect$$$$00000001  mc_w.l(entry2.o)
    0x0800018c   0x00000004   Code   RO         5853    .ARM.Collect$$$$00000004  mc_w.l(entry5.o)
    0x08000190   0x00000000   Code   RO         5855    .ARM.Collect$$$$00000008  mc_w.l(entry7b.o)
    0x08000190   0x00000000   Code   RO         5857    .ARM.Collect$$$$0000000A  mc_w.l(entry8b.o)
    0x08000190   0x00000008   Code   RO         5858    .ARM.Collect$$$$0000000B  mc_w.l(entry9a.o)
    0x08000198   0x00000000   Code   RO         5860    .ARM.Collect$$$$0000000D  mc_w.l(entry10a.o)
    0x08000198   0x00000000   Code   RO         5862    .ARM.Collect$$$$0000000F  mc_w.l(entry11a.o)
    0x08000198   0x00000004   Code   RO         5851    .ARM.Collect$$$$00002712  mc_w.l(entry2.o)
    0x0800019c   0x00000024   Code   RO            4    .text               startup_stm32f40xx.o
    0x080001c0   0x0000014e   Code   RO         5767    .text               mf_w.l(dadd.o)
    0x0800030e   0x000000e4   Code   RO         5769    .text               mf_w.l(dmul.o)
    0x080003f2   0x000000de   Code   RO         5771    .text               mf_w.l(ddiv.o)
    0x080004d0   0x00000022   Code   RO         5775    .text               mf_w.l(dflti.o)
    0x080004f2   0x0000003e   Code   RO         5779    .text               mf_w.l(dfixi.o)
    0x08000530   0x00000026   Code   RO         5781    .text               mf_w.l(f2d.o)
    0x08000556   0x00000038   Code   RO         5783    .text               mf_w.l(d2f.o)
    0x0800058e   0x0000001e   Code   RO         5864    .text               mc_w.l(llshl.o)
    0x080005ac   0x00000020   Code   RO         5866    .text               mc_w.l(llushr.o)
    0x080005cc   0x00000024   Code   RO         5868    .text               mc_w.l(llsshr.o)
    0x080005f0   0x00000000   Code   RO         5877    .text               mc_w.l(iusefp.o)
    0x080005f0   0x0000006e   Code   RO         5878    .text               mf_w.l(fepilogue.o)
    0x0800065e   0x000000ba   Code   RO         5880    .text               mf_w.l(depilogue.o)
    0x08000718   0x00000024   Code   RO         5882    .text               mc_w.l(init.o)
    0x0800073c   0x000000a2   Code   RO         5884    .text               mf_w.l(dsqrt.o)
    0x080007de   0x00000002   PAD
    0x080007e0   0x00000098   Code   RO         5317    i.ACC_IIR_Filter    mymath.o
    0x08000878   0x00000038   Code   RO         4904    i.BEEP_Init         beep.o
    0x080008b0   0x00000004   Code   RO         4721    i.BusFault_Handler  stm32f4xx_it.o
    0x080008b4   0x0000002c   Code   RO         5503    i.DMA1_S1_Reset     usart3_dma.o
    0x080008e0   0x0000002c   Code   RO         5564    i.DMA1_S5_Reset     usart2_dma.o
    0x0800090c   0x00000038   Code   RO         5504    i.DMA1_Stream3_IRQHandler  usart3_dma.o
    0x08000944   0x00000038   Code   RO         5565    i.DMA1_Stream6_IRQHandler  usart2_dma.o
    0x0800097c   0x0000002c   Code   RO         5653    i.DMA2_S5_Reset     usart1_dma.o
    0x080009a8   0x00000038   Code   RO         5654    i.DMA2_Stream7_IRQHandler  usart1_dma.o
    0x080009e0   0x00000034   Code   RO         1211    i.DMA_ClearFlag     stm32f4xx_dma.o
    0x08000a14   0x00000016   Code   RO         1213    i.DMA_Cmd           stm32f4xx_dma.o
    0x08000a2a   0x00000002   PAD
    0x08000a2c   0x00000158   Code   RO         1214    i.DMA_DeInit        stm32f4xx_dma.o
    0x08000b84   0x00000044   Code   RO         1222    i.DMA_GetFlagStatus  stm32f4xx_dma.o
    0x08000bc8   0x00000064   Code   RO         1223    i.DMA_GetITStatus   stm32f4xx_dma.o
    0x08000c2c   0x0000003a   Code   RO         1224    i.DMA_ITConfig      stm32f4xx_dma.o
    0x08000c66   0x00000002   PAD
    0x08000c68   0x00000058   Code   RO         1225    i.DMA_Init          stm32f4xx_dma.o
    0x08000cc0   0x00000004   Code   RO         1228    i.DMA_SetCurrDataCounter  stm32f4xx_dma.o
    0x08000cc4   0x00000002   Code   RO         4722    i.DebugMon_Handler  stm32f4xx_it.o
    0x08000cc6   0x00000016   Code   RO         4976    i.Delay_IIC         i2c.o
    0x08000cdc   0x00000090   Code   RO         1722    i.GPIO_Init         stm32f4xx_gpio.o
    0x08000d6c   0x00000046   Code   RO         1723    i.GPIO_PinAFConfig  stm32f4xx_gpio.o
    0x08000db2   0x00000002   PAD
    0x08000db4   0x000000a8   Code   RO         5391    i.Get_Angle         imu.o
    0x08000e5c   0x00000190   Code   RO         5393    i.Get_Eulerian_Angle  imu.o
    0x08000fec   0x00000050   Code   RO         5320    i.Get_Radian        mymath.o
    0x0800103c   0x000001e4   Code   RO         5322    i.Gyro_Slid_Filter  mymath.o
    0x08001220   0x00000004   Code   RO         4723    i.HardFault_Handler  stm32f4xx_it.o
    0x08001224   0x00000050   Code   RO         4978    i.IIC_Ack           i2c.o
    0x08001274   0x00000048   Code   RO         4979    i.IIC_Init          i2c.o
    0x080012bc   0x00000050   Code   RO         4980    i.IIC_NAck          i2c.o
    0x0800130c   0x0000006c   Code   RO         4981    i.IIC_Read_Byte     i2c.o
    0x08001378   0x00000068   Code   RO         4982    i.IIC_Send_Byte     i2c.o
    0x080013e0   0x0000004c   Code   RO         4983    i.IIC_Start         i2c.o
    0x0800142c   0x0000004c   Code   RO         4984    i.IIC_Stop          i2c.o
    0x08001478   0x00000068   Code   RO         4985    i.IIC_Wait_Ack      i2c.o
    0x080014e0   0x000002d4   Code   RO         5394    i.IMUupdate         imu.o
    0x080017b4   0x00000040   Code   RO         4841    i.LED_Init          bsp_led.o
    0x080017f4   0x00000050   Code   RO         5090    i.MPU_Get_Accelerometer  mpu6050.o
    0x08001844   0x00000050   Code   RO         5092    i.MPU_Get_Gyroscope  mpu6050.o
    0x08001894   0x00000080   Code   RO         5094    i.MPU_Init          mpu6050.o
    0x08001914   0x0000003a   Code   RO         5095    i.MPU_Read_Byte     mpu6050.o
    0x0800194e   0x00000074   Code   RO         5096    i.MPU_Read_Len      mpu6050.o
    0x080019c2   0x00000010   Code   RO         5097    i.MPU_Set_Accel_Fsr  mpu6050.o
    0x080019d2   0x00000010   Code   RO         5098    i.MPU_Set_Gyro_Fsr  mpu6050.o
    0x080019e2   0x0000003a   Code   RO         5099    i.MPU_Set_LPF       mpu6050.o
    0x08001a1c   0x0000003a   Code   RO         5100    i.MPU_Set_Rate      mpu6050.o
    0x08001a56   0x00000044   Code   RO         5101    i.MPU_Write_Byte    mpu6050.o
    0x08001a9a   0x00000004   Code   RO         4724    i.MemManage_Handler  stm32f4xx_it.o
    0x08001a9e   0x00000002   Code   RO         4725    i.NMI_Handler       stm32f4xx_it.o
    0x08001aa0   0x00000078   Code   RO          155    i.NVIC_Init         misc.o
    0x08001b18   0x00000002   Code   RO         4726    i.PendSV_Handler    stm32f4xx_it.o
    0x08001b1a   0x00000002   PAD
    0x08001b1c   0x00000020   Code   RO         2426    i.RCC_AHB1PeriphClockCmd  stm32f4xx_rcc.o
    0x08001b3c   0x00000020   Code   RO         2435    i.RCC_APB1PeriphClockCmd  stm32f4xx_rcc.o
    0x08001b5c   0x00000020   Code   RO         2438    i.RCC_APB2PeriphClockCmd  stm32f4xx_rcc.o
    0x08001b7c   0x000000e8   Code   RO         2447    i.RCC_GetClocksFreq  stm32f4xx_rcc.o
    0x08001c64   0x00000002   Code   RO         4727    i.SVC_Handler       stm32f4xx_it.o
    0x08001c66   0x00000002   PAD
    0x08001c68   0x000000ec   Code   RO           13    i.SetSysClock       system_stm32f4xx.o
    0x08001d54   0x00000028   Code   RO         5458    i.Steer_Mode        steer.o
    0x08001d7c   0x00000138   Code   RO         5459    i.Steer_Set_angle   steer.o
    0x08001eb4   0x00000008   Code   RO         4728    i.SysTick_Handler   stm32f4xx_it.o
    0x08001ebc   0x00000068   Code   RO         4796    i.SysTick_Init      bsp_systick.o
    0x08001f24   0x00000068   Code   RO           15    i.SystemInit        system_stm32f4xx.o
    0x08001f8c   0x00000128   Code   RO         4928    i.TIM1_Motor_PWM_Init  motor.o
    0x080020b4   0x000000fc   Code   RO         5461    i.TIM3_Steer1_2_PWM_Init  steer.o
    0x080021b0   0x00000020   Code   RO         4865    i.TIM7_IRQHandler   bsp_basic_tim.o
    0x080021d0   0x00000060   Code   RO         4866    i.TIM7_Init         bsp_basic_tim.o
    0x08002230   0x00000018   Code   RO         3810    i.TIM_ARRPreloadConfig  stm32f4xx_tim.o
    0x08002248   0x00000006   Code   RO         3817    i.TIM_ClearITPendingBit  stm32f4xx_tim.o
    0x0800224e   0x00000018   Code   RO         3822    i.TIM_Cmd           stm32f4xx_tim.o
    0x08002266   0x0000001e   Code   RO         3824    i.TIM_CtrlPWMOutputs  stm32f4xx_tim.o
    0x08002284   0x00000012   Code   RO         3825    i.TIM_DMACmd        stm32f4xx_tim.o
    0x08002296   0x00000022   Code   RO         3843    i.TIM_GetITStatus   stm32f4xx_tim.o
    0x080022b8   0x00000012   Code   RO         3847    i.TIM_ITConfig      stm32f4xx_tim.o
    0x080022ca   0x00000002   PAD
    0x080022cc   0x0000007c   Code   RO         3851    i.TIM_OC1Init       stm32f4xx_tim.o
    0x08002348   0x00000012   Code   RO         3854    i.TIM_OC1PreloadConfig  stm32f4xx_tim.o
    0x0800235a   0x00000002   PAD
    0x0800235c   0x000000a4   Code   RO         3856    i.TIM_OC2Init       stm32f4xx_tim.o
    0x08002400   0x0000001a   Code   RO         3859    i.TIM_OC2PreloadConfig  stm32f4xx_tim.o
    0x0800241a   0x00000002   PAD
    0x0800241c   0x000000a0   Code   RO         3861    i.TIM_OC3Init       stm32f4xx_tim.o
    0x080024bc   0x00000012   Code   RO         3864    i.TIM_OC3PreloadConfig  stm32f4xx_tim.o
    0x080024ce   0x00000002   PAD
    0x080024d0   0x00000078   Code   RO         3866    i.TIM_OC4Init       stm32f4xx_tim.o
    0x08002548   0x0000001a   Code   RO         3868    i.TIM_OC4PreloadConfig  stm32f4xx_tim.o
    0x08002562   0x00000004   Code   RO         3884    i.TIM_SetCompare1   stm32f4xx_tim.o
    0x08002566   0x00000004   Code   RO         3885    i.TIM_SetCompare2   stm32f4xx_tim.o
    0x0800256a   0x00000004   Code   RO         3886    i.TIM_SetCompare3   stm32f4xx_tim.o
    0x0800256e   0x00000004   Code   RO         3887    i.TIM_SetCompare4   stm32f4xx_tim.o
    0x08002572   0x00000002   PAD
    0x08002574   0x00000084   Code   RO         3894    i.TIM_TimeBaseInit  stm32f4xx_tim.o
    0x080025f8   0x00000010   Code   RO         5261    i.Task_10ms         control.o
    0x08002608   0x00000002   Code   RO         5262    i.Task_2ms          control.o
    0x0800260a   0x00000002   PAD
    0x0800260c   0x00000018   Code   RO         4797    i.TimingDelay_Decrement  bsp_systick.o
    0x08002624   0x0000005c   Code   RO         5656    i.USART1_IRQHandler  usart1_dma.o
    0x08002680   0x00000210   Code   RO         5657    i.USART1_Init       usart1_dma.o
    0x08002890   0x00000078   Code   RO         5567    i.USART2_IRQHandler  usart2_dma.o
    0x08002908   0x0000020c   Code   RO         5568    i.USART2_Init       usart2_dma.o
    0x08002b14   0x00000064   Code   RO         5506    i.USART3_IRQHandler  usart3_dma.o
    0x08002b78   0x00000210   Code   RO         5507    i.USART3_Init       usart3_dma.o
    0x08002d88   0x0000001e   Code   RO         4373    i.USART_ClearITPendingBit  stm32f4xx_usart.o
    0x08002da6   0x00000018   Code   RO         4376    i.USART_Cmd         stm32f4xx_usart.o
    0x08002dbe   0x00000012   Code   RO         4377    i.USART_DMACmd      stm32f4xx_usart.o
    0x08002dd0   0x00000054   Code   RO         4380    i.USART_GetITStatus  stm32f4xx_usart.o
    0x08002e24   0x0000004a   Code   RO         4382    i.USART_ITConfig    stm32f4xx_usart.o
    0x08002e6e   0x00000002   PAD
    0x08002e70   0x000000d4   Code   RO         4383    i.USART_Init        stm32f4xx_usart.o
    0x08002f44   0x0000000a   Code   RO         4390    i.USART_ReceiveData  stm32f4xx_usart.o
    0x08002f4e   0x00000004   Code   RO         4729    i.UsageFault_Handler  stm32f4xx_it.o
    0x08002f52   0x00000030   Code   RO         5822    i.__ARM_fpclassify  m_wm.l(fpclassify.o)
    0x08002f82   0x00000006   PAD
    0x08002f88   0x00000360   Code   RO         5714    i.__hardfp_asin     m_wm.l(asin.o)
    0x080032e8   0x000002d8   Code   RO         5785    i.__hardfp_atan     m_wm.l(atan.o)
    0x080035c0   0x000001f0   Code   RO         5728    i.__hardfp_atan2    m_wm.l(atan2.o)
    0x080037b0   0x000000f8   Code   RO         5824    i.__kernel_poly     m_wm.l(poly.o)
    0x080038a8   0x00000014   Code   RO         5803    i.__mathlib_dbl_infnan  m_wm.l(dunder.o)
    0x080038bc   0x00000014   Code   RO         5804    i.__mathlib_dbl_infnan2  m_wm.l(dunder.o)
    0x080038d0   0x00000020   Code   RO         5805    i.__mathlib_dbl_invalid  m_wm.l(dunder.o)
    0x080038f0   0x00000020   Code   RO         5808    i.__mathlib_dbl_underflow  m_wm.l(dunder.o)
    0x08003910   0x0000000e   Code   RO         5890    i.__scatterload_copy  mc_w.l(handlers.o)
    0x0800391e   0x00000002   Code   RO         5891    i.__scatterload_null  mc_w.l(handlers.o)
    0x08003920   0x0000000e   Code   RO         5892    i.__scatterload_zeroinit  mc_w.l(handlers.o)
    0x0800392e   0x00000002   PAD
    0x08003930   0x0000000c   Code   RO         5872    i.__set_errno       mc_w.l(errno.o)
    0x0800393c   0x0000002e   Code   RO         4929    i.add_checksum_and_telemetry  motor.o
    0x0800396a   0x00000010   Code   RO         5787    i.atan              m_wm.l(atan.o)
    0x0800397a   0x00000002   PAD
    0x0800397c   0x00000088   Code   RO         5264    i.control_task      control.o
    0x08003a04   0x00000018   Code   RO         4798    i.delay_us          bsp_systick.o
    0x08003a1c   0x00000018   Code   RO         5818    i.fabs              m_wm.l(fabs.o)
    0x08003a34   0x0000003c   Code   RO         5324    i.invSqrt           mymath.o
    0x08003a70   0x0000006c   Code   RO         4630    i.main              main.o
    0x08003adc   0x0000007c   Code   RO         4930    i.motor_send        motor.o
    0x08003b58   0x00000108   Code   RO         5221    i.pidUpdate         pid.o
    0x08003c60   0x000000dc   Code   RO         5265    i.pid_task          control.o
    0x08003d3c   0x00000102   Code   RO         4931    i.pwmWriteDigital   motor.o
    0x08003e3e   0x0000010e   Code   RO         5569    i.sbus_decode       usart2_dma.o
    0x08003f4c   0x00000158   Code   RO         5570    i.sbus_re_calculate  usart2_dma.o
    0x080040a4   0x0000006e   Code   RO         5840    i.sqrt              m_wm.l(sqrt.o)
    0x08004112   0x00000006   PAD
    0x08004118   0x00000050   Data   RO         5717    .constdata          m_wm.l(asin.o)
    0x08004168   0x00000098   Data   RO         5788    .constdata          m_wm.l(atan.o)
    0x08004200   0x00000008   Data   RO         5826    .constdata          m_wm.l(qnan.o)
    0x08004208   0x00000020   Data   RO         5888    Region$$Table       anon$$obj.o


    Execution Region RW_IRAM1 (Base: 0x20000000, Size: 0x00000c30, Max: 0x00020000, ABSOLUTE)

    Base Addr    Size         Type   Attr      Idx    E Section Name        Object

    0x20000000   0x00000014   Data   RW           16    .data               system_stm32f4xx.o
    0x20000014   0x00000010   Data   RW         2479    .data               stm32f4xx_rcc.o
    0x20000024   0x00000004   Data   RW         4799    .data               bsp_systick.o
    0x20000028   0x0000004c   Data   RW         5267    .data               control.o
    0x20000074   0x00000018   Data   RW         5326    .data               mymath.o
    0x2000008c   0x0000004c   Data   RW         5396    .data               imu.o
    0x200000d8   0x00000020   Data   RW         5462    .data               steer.o
    0x200000f8   0x00000001   Data   RW         5510    .data               usart3_dma.o
    0x200000f9   0x00000001   Data   RW         5572    .data               usart2_dma.o
    0x200000fa   0x00000002   Data   RW         5660    .data               usart1_dma.o
    0x200000fc   0x00000004   Data   RW         5873    .data               mc_w.l(errno.o)
    0x20000100   0x00000044   Zero   RW         4932    .bss                motor.o
    0x20000144   0x000000cc   Zero   RW         5266    .bss                control.o
    0x20000210   0x00000510   Zero   RW         5325    .bss                mymath.o
    0x20000720   0x00000018   Zero   RW         5395    .bss                imu.o
    0x20000738   0x00000033   Zero   RW         5509    .bss                usart3_dma.o
    0x2000076b   0x00000001   PAD
    0x2000076c   0x0000008c   Zero   RW         5571    .bss                usart2_dma.o
    0x200007f8   0x00000033   Zero   RW         5659    .bss                usart1_dma.o
    0x2000082b   0x00000005   PAD
    0x20000830   0x00000400   Zero   RW            1    STACK               startup_stm32f40xx.o


==============================================================================

Image component sizes


      Code (inc. data)   RO Data    RW Data    ZI Data      Debug   Object Name

        56          4          0          0          0        564   beep.o
       128         12          0          0          0       1946   bsp_basic_tim.o
        64          6          0          0          0        563   bsp_led.o
       152         26          0          4          0      28597   bsp_systick.o
       374         52          0         76        204       3258   control.o
       722        106          0          0          0       5222   i2c.o
      1292         96          0         76         24       3557   imu.o
       108         14          0          0          0       1335   main.o
       120         14          0          0          0       1204   misc.o
       724         36          0          0         68       4067   motor.o
       678          0          0          0          0       7287   mpu6050.o
       776         72          0         24       1296       7145   mymath.o
       264          0          0          0          0       1744   pid.o
        36          8        392          0       1024        984   startup_stm32f40xx.o
       604         32          0         32          0       3310   steer.o
       736         72          0          0          0       7252   stm32f4xx_dma.o
       214          0          0          0          0       2055   stm32f4xx_gpio.o
        32          0          0          0          0       4450   stm32f4xx_it.o
       328         36          0         16          0       5159   stm32f4xx_rcc.o
       958         66          0          0          0      14815   stm32f4xx_tim.o
       452          8          0          0          0       6243   stm32f4xx_usart.o
       340         32          0         20          0     297593   system_stm32f4xx.o
       720         56          0          2         51       4178   usart1_dma.o
      1358        116          0          1        140       4933   usart2_dma.o
       728         56          0          1         51       4179   usart3_dma.o

    ----------------------------------------------------------------------
     11988        920        424        252       2864     421640   Object Totals
         0          0         32          0          0          0   (incl. Generated)
        24          0          0          0          6          0   (incl. Padding)

    ----------------------------------------------------------------------

      Code (inc. data)   RO Data    RW Data    ZI Data      Debug   Library Member Name

       864         94         80          0          0        280   asin.o
       744        106        152          0          0        352   atan.o
       496         64          0          0          0        192   atan2.o
       104         16          0          0          0        496   dunder.o
        24          0          0          0          0        124   fabs.o
        48          0          0          0          0        124   fpclassify.o
       248          0          0          0          0        152   poly.o
         0          0          8          0          0          0   qnan.o
       110          0          0          0          0        148   sqrt.o
         0          0          0          0          0          0   entry.o
         0          0          0          0          0          0   entry10a.o
         0          0          0          0          0          0   entry11a.o
         8          4          0          0          0          0   entry2.o
         4          0          0          0          0          0   entry5.o
         0          0          0          0          0          0   entry7b.o
         0          0          0          0          0          0   entry8b.o
         8          4          0          0          0          0   entry9a.o
        12          6          0          4          0         68   errno.o
        30          0          0          0          0          0   handlers.o
        36          8          0          0          0         68   init.o
         0          0          0          0          0          0   iusefp.o
        30          0          0          0          0         68   llshl.o
        36          0          0          0          0         68   llsshr.o
        32          0          0          0          0         68   llushr.o
        56          0          0          0          0         88   d2f.o
       334          0          0          0          0        148   dadd.o
       222          0          0          0          0        100   ddiv.o
       186          0          0          0          0        176   depilogue.o
        62          0          0          0          0         80   dfixi.o
        34          0          0          0          0         76   dflti.o
       228          0          0          0          0         96   dmul.o
       162          0          0          0          0        100   dsqrt.o
        38          0          0          0          0         68   f2d.o
       110          0          0          0          0        168   fepilogue.o

    ----------------------------------------------------------------------
      4284        302        240          4          0       3308   Library Totals
        18          0          0          0          0          0   (incl. Padding)

    ----------------------------------------------------------------------

      Code (inc. data)   RO Data    RW Data    ZI Data      Debug   Library Name

      2638        280        240          0          0       1868   m_wm.l
       196         22          0          4          0        340   mc_w.l
      1432          0          0          0          0       1100   mf_w.l

    ----------------------------------------------------------------------
      4284        302        240          4          0       3308   Library Totals

    ----------------------------------------------------------------------

==============================================================================


      Code (inc. data)   RO Data    RW Data    ZI Data      Debug   

     16272       1222        664        256       2864     413028   Grand Totals
     16272       1222        664        256       2864     413028   ELF Image Totals
     16272       1222        664        256          0          0   ROM Totals

==============================================================================

    Total RO  Size (Code + RO Data)                16936 (  16.54kB)
    Total RW  Size (RW Data + ZI Data)              3120 (   3.05kB)
    Total ROM Size (Code + RO Data + RW Data)      17192 (  16.79kB)

==============================================================================

